;  LST file generated by mikroListExporter - v.2.0 
; Date/Time: 19/12/2012 10:00:26 p.m.
;----------------------------------------------

;Address Opcode 	ASM
0x0000	0x297E      	GOTO       382
_Delay_1us:
;__Lib_Delays.c,7 :: 		void Delay_1us() {
;__Lib_Delays.c,8 :: 		Delay_us(1);
0x0003	0x0000      	NOP
;__Lib_Delays.c,9 :: 		}
0x0004	0x0008      	RETURN
; end of _Delay_1us
_Delay_50us:
;__Lib_Delays.c,19 :: 		void Delay_50us() {
;__Lib_Delays.c,20 :: 		Delay_us(50);
0x0005	0x3010      	MOVLW      16
0x0006	0x1283      	BCF        STATUS, 5
0x0007	0x1303      	BCF        STATUS, 6
0x0008	0x00FD      	MOVWF      R13
L_Delay_50us2:
0x0009	0x0BFD      	DECFSZ     R13, 1
0x000A	0x2809      	GOTO       L_Delay_50us2
0x000B	0x0000      	NOP
;__Lib_Delays.c,21 :: 		}
0x000C	0x0008      	RETURN
; end of _Delay_50us
_Delay_5500us:
;__Lib_Delays.c,31 :: 		void Delay_5500us() {
;__Lib_Delays.c,32 :: 		Delay_us(5500);
0x000D	0x3008      	MOVLW      8
0x000E	0x1283      	BCF        STATUS, 5
0x000F	0x1303      	BCF        STATUS, 6
0x0010	0x00FC      	MOVWF      R12
0x0011	0x3023      	MOVLW      35
0x0012	0x00FD      	MOVWF      R13
L_Delay_5500us5:
0x0013	0x0BFD      	DECFSZ     R13, 1
0x0014	0x2813      	GOTO       L_Delay_5500us5
0x0015	0x0BFC      	DECFSZ     R12, 1
0x0016	0x2813      	GOTO       L_Delay_5500us5
;__Lib_Delays.c,33 :: 		}
0x0017	0x0008      	RETURN
; end of _Delay_5500us
_Lcd_Cmd:
;__Lib_Lcd.c,18 :: 		
;__Lib_Lcd.c,20 :: 		
0x0018	0x1283      	BCF        STATUS, 5
0x0019	0x1303      	BCF        STATUS, 6
0x001A	0x1BC6      	BTFSC      FARG_Lcd_Cmd_out_char, 7
0x001B	0x281E      	GOTO       L__Lcd_Cmd20
0x001C	0x1388      	BCF        LCD_D7, BitPos(LCD_D7+0)
0x001D	0x281F      	GOTO       L__Lcd_Cmd21
L__Lcd_Cmd20:
0x001E	0x1788      	BSF        LCD_D7, BitPos(LCD_D7+0)
L__Lcd_Cmd21:
;__Lib_Lcd.c,21 :: 		
0x001F	0x1B46      	BTFSC      FARG_Lcd_Cmd_out_char, 6
0x0020	0x2823      	GOTO       L__Lcd_Cmd22
0x0021	0x1308      	BCF        LCD_D6, BitPos(LCD_D6+0)
0x0022	0x2824      	GOTO       L__Lcd_Cmd23
L__Lcd_Cmd22:
0x0023	0x1708      	BSF        LCD_D6, BitPos(LCD_D6+0)
L__Lcd_Cmd23:
;__Lib_Lcd.c,22 :: 		
0x0024	0x1AC6      	BTFSC      FARG_Lcd_Cmd_out_char, 5
0x0025	0x2828      	GOTO       L__Lcd_Cmd24
0x0026	0x1288      	BCF        LCD_D5, BitPos(LCD_D5+0)
0x0027	0x2829      	GOTO       L__Lcd_Cmd25
L__Lcd_Cmd24:
0x0028	0x1688      	BSF        LCD_D5, BitPos(LCD_D5+0)
L__Lcd_Cmd25:
;__Lib_Lcd.c,23 :: 		
0x0029	0x1A46      	BTFSC      FARG_Lcd_Cmd_out_char, 4
0x002A	0x282D      	GOTO       L__Lcd_Cmd26
0x002B	0x1208      	BCF        LCD_D4, BitPos(LCD_D4+0)
0x002C	0x282E      	GOTO       L__Lcd_Cmd27
L__Lcd_Cmd26:
0x002D	0x1608      	BSF        LCD_D4, BitPos(LCD_D4+0)
L__Lcd_Cmd27:
;__Lib_Lcd.c,25 :: 		
0x002E	0x1839      	BTFSC      __Lib_Lcd_cmd_status, BitPos(__Lib_Lcd_cmd_status+0)
0x002F	0x2832      	GOTO       L__Lcd_Cmd28
0x0030	0x1488      	BSF        LCD_RS, BitPos(LCD_RS+0)
0x0031	0x2833      	GOTO       L__Lcd_Cmd29
L__Lcd_Cmd28:
0x0032	0x1088      	BCF        LCD_RS, BitPos(LCD_RS+0)
L__Lcd_Cmd29:
;__Lib_Lcd.c,28 :: 		
0x0033	0x1508      	BSF        LCD_EN, BitPos(LCD_EN+0)
;__Lib_Lcd.c,29 :: 		
0x0034	0x2003      	CALL       _Delay_1us
;__Lib_Lcd.c,30 :: 		
0x0035	0x1108      	BCF        LCD_EN, BitPos(LCD_EN+0)
;__Lib_Lcd.c,33 :: 		
0x0036	0x19C6      	BTFSC      FARG_Lcd_Cmd_out_char, 3
0x0037	0x283A      	GOTO       L__Lcd_Cmd30
0x0038	0x1388      	BCF        LCD_D7, BitPos(LCD_D7+0)
0x0039	0x283B      	GOTO       L__Lcd_Cmd31
L__Lcd_Cmd30:
0x003A	0x1788      	BSF        LCD_D7, BitPos(LCD_D7+0)
L__Lcd_Cmd31:
;__Lib_Lcd.c,34 :: 		
0x003B	0x1946      	BTFSC      FARG_Lcd_Cmd_out_char, 2
0x003C	0x283F      	GOTO       L__Lcd_Cmd32
0x003D	0x1308      	BCF        LCD_D6, BitPos(LCD_D6+0)
0x003E	0x2840      	GOTO       L__Lcd_Cmd33
L__Lcd_Cmd32:
0x003F	0x1708      	BSF        LCD_D6, BitPos(LCD_D6+0)
L__Lcd_Cmd33:
;__Lib_Lcd.c,35 :: 		
0x0040	0x18C6      	BTFSC      FARG_Lcd_Cmd_out_char, 1
0x0041	0x2844      	GOTO       L__Lcd_Cmd34
0x0042	0x1288      	BCF        LCD_D5, BitPos(LCD_D5+0)
0x0043	0x2845      	GOTO       L__Lcd_Cmd35
L__Lcd_Cmd34:
0x0044	0x1688      	BSF        LCD_D5, BitPos(LCD_D5+0)
L__Lcd_Cmd35:
;__Lib_Lcd.c,36 :: 		
0x0045	0x1846      	BTFSC      FARG_Lcd_Cmd_out_char, 0
0x0046	0x2849      	GOTO       L__Lcd_Cmd36
0x0047	0x1208      	BCF        LCD_D4, BitPos(LCD_D4+0)
0x0048	0x284A      	GOTO       L__Lcd_Cmd37
L__Lcd_Cmd36:
0x0049	0x1608      	BSF        LCD_D4, BitPos(LCD_D4+0)
L__Lcd_Cmd37:
;__Lib_Lcd.c,38 :: 		
0x004A	0x1839      	BTFSC      __Lib_Lcd_cmd_status, BitPos(__Lib_Lcd_cmd_status+0)
0x004B	0x284E      	GOTO       L__Lcd_Cmd38
0x004C	0x1488      	BSF        LCD_RS, BitPos(LCD_RS+0)
0x004D	0x284F      	GOTO       L__Lcd_Cmd39
L__Lcd_Cmd38:
0x004E	0x1088      	BCF        LCD_RS, BitPos(LCD_RS+0)
L__Lcd_Cmd39:
;__Lib_Lcd.c,40 :: 		
0x004F	0x1508      	BSF        LCD_EN, BitPos(LCD_EN+0)
;__Lib_Lcd.c,41 :: 		
0x0050	0x2003      	CALL       _Delay_1us
;__Lib_Lcd.c,42 :: 		
0x0051	0x1108      	BCF        LCD_EN, BitPos(LCD_EN+0)
;__Lib_Lcd.c,44 :: 		
0x0052	0x1C39      	BTFSS      __Lib_Lcd_cmd_status, BitPos(__Lib_Lcd_cmd_status+0)
0x0053	0x2856      	GOTO       L_Lcd_Cmd0
;__Lib_Lcd.c,45 :: 		
0x0054	0x200D      	CALL       _Delay_5500us
0x0055	0x2857      	GOTO       L_Lcd_Cmd1
L_Lcd_Cmd0:
;__Lib_Lcd.c,47 :: 		
0x0056	0x2005      	CALL       _Delay_50us
L_Lcd_Cmd1:
;__Lib_Lcd.c,48 :: 		
0x0057	0x0008      	RETURN
; end of _Lcd_Cmd
_Delay_10us:
;__Lib_Delays.c,11 :: 		void Delay_10us() {
;__Lib_Delays.c,12 :: 		Delay_us(10);
0x0058	0x3003      	MOVLW      3
0x0059	0x1283      	BCF        STATUS, 5
0x005A	0x1303      	BCF        STATUS, 6
0x005B	0x00FD      	MOVWF      R13
L_Delay_10us0:
0x005C	0x0BFD      	DECFSZ     R13, 1
0x005D	0x285C      	GOTO       L_Delay_10us0
;__Lib_Delays.c,13 :: 		}
0x005E	0x0008      	RETURN
; end of _Delay_10us
_Lcd_Chr_CP:
;__Lib_Lcd.c,50 :: 		
;__Lib_Lcd.c,52 :: 		
0x005F	0x1283      	BCF        STATUS, 5
0x0060	0x1303      	BCF        STATUS, 6
0x0061	0x1039      	BCF        __Lib_Lcd_cmd_status, BitPos(__Lib_Lcd_cmd_status+0)
;__Lib_Lcd.c,53 :: 		
0x0062	0x0841      	MOVF       FARG_Lcd_Chr_CP_out_char, 0
0x0063	0x00C6      	MOVWF      FARG_Lcd_Cmd_out_char
0x0064	0x2018      	CALL       _Lcd_Cmd
;__Lib_Lcd.c,54 :: 		
0x0065	0x1439      	BSF        __Lib_Lcd_cmd_status, BitPos(__Lib_Lcd_cmd_status+0)
;__Lib_Lcd.c,55 :: 		
0x0066	0x0008      	RETURN
; end of _Lcd_Chr_CP
_____DoICP:
;__Lib_System.c,6 :: 		
;__Lib_System.c,9 :: 		
0x0067	0x1283      	BCF        STATUS, 5
0x0068	0x1303      	BCF        STATUS, 6
0x0069	0x083C      	MOVF       ___DoICPAddr+1, 0
0x006A	0x008A      	MOVWF      PCLATH
;__Lib_System.c,10 :: 		
0x006B	0x083B      	MOVF       ___DoICPAddr, 0
0x006C	0x0082      	MOVWF      PCL
;__Lib_System.c,12 :: 		
0x006D	0x0008      	RETURN
; end of _____DoICP
_Keypad_Key_Press:
;__Lib_Keypad4x4.c,38 :: 		
;__Lib_Keypad4x4.c,42 :: 		
0x006E	0x1283      	BCF        STATUS, 5
0x006F	0x1303      	BCF        STATUS, 6
0x0070	0x01C1      	CLRF       Keypad_Key_Press_rslt_L0
;__Lib_Keypad4x4.c,43 :: 		
0x0071	0x01C3      	CLRF       Keypad_Key_Press_loc_L0
;__Lib_Keypad4x4.c,44 :: 		
0x0072	0x01C4      	CLRF       Keypad_Key_Press_rowcnt_L0
;__Lib_Keypad4x4.c,45 :: 		
0x0073	0x3010      	MOVLW      16
0x0074	0x00C5      	MOVWF      Keypad_Key_Press_shifter_L0
;__Lib_Keypad4x4.c,47 :: 		
L_Keypad_Key_Press0:
0x0075	0x3004      	MOVLW      4
0x0076	0x0244      	SUBWF      Keypad_Key_Press_rowcnt_L0, 0
0x0077	0x1803      	BTFSC      STATUS, 0
0x0078	0x289A      	GOTO       L_Keypad_Key_Press1
;__Lib_Keypad4x4.c,49 :: 		
0x0079	0x30F0      	MOVLW      240
0x007A	0x0086      	MOVWF      keypadPort
;__Lib_Keypad4x4.c,50 :: 		
0x007B	0x0945      	COMF       Keypad_Key_Press_shifter_L0, 0
0x007C	0x1683      	BSF        STATUS, 5
0x007D	0x0086      	MOVWF      keypadPort+128
;__Lib_Keypad4x4.c,54 :: 		
0x007E	0x2003      	CALL       _Delay_1us
;__Lib_Keypad4x4.c,55 :: 		
0x007F	0x2003      	CALL       _Delay_1us
;__Lib_Keypad4x4.c,56 :: 		
0x0080	0x300F      	MOVLW      15
0x0081	0x1283      	BCF        STATUS, 5
0x0082	0x0506      	ANDWF      keypadPort, 0
0x0083	0x00F0      	MOVWF      R0
0x0084	0x0870      	MOVF       R0, 0
0x0085	0x00C2      	MOVWF      Keypad_Key_Press_kdata_L0
;__Lib_Keypad4x4.c,57 :: 		
0x0086	0x0870      	MOVF       R0, 0
0x0087	0x1903      	BTFSC      STATUS, 2
0x0088	0x2894      	GOTO       L_Keypad_Key_Press2
;__Lib_Keypad4x4.c,59 :: 		
0x0089	0x0843      	MOVF       Keypad_Key_Press_loc_L0, 0
0x008A	0x00C1      	MOVWF      Keypad_Key_Press_rslt_L0
;__Lib_Keypad4x4.c,60 :: 		
L_Keypad_Key_Press3:
0x008B	0x0842      	MOVF       Keypad_Key_Press_kdata_L0, 0
0x008C	0x1903      	BTFSC      STATUS, 2
0x008D	0x2892      	GOTO       L_Keypad_Key_Press4
;__Lib_Keypad4x4.c,61 :: 		
0x008E	0x0CC2      	RRF        Keypad_Key_Press_kdata_L0, 1
0x008F	0x13C2      	BCF        Keypad_Key_Press_kdata_L0, 7
;__Lib_Keypad4x4.c,62 :: 		
0x0090	0x0AC1      	INCF       Keypad_Key_Press_rslt_L0, 1
;__Lib_Keypad4x4.c,63 :: 		
0x0091	0x288B      	GOTO       L_Keypad_Key_Press3
L_Keypad_Key_Press4:
;__Lib_Keypad4x4.c,65 :: 		
0x0092	0x3004      	MOVLW      4
0x0093	0x00C4      	MOVWF      Keypad_Key_Press_rowcnt_L0
;__Lib_Keypad4x4.c,66 :: 		
L_Keypad_Key_Press2:
;__Lib_Keypad4x4.c,67 :: 		
0x0094	0x0DC5      	RLF        Keypad_Key_Press_shifter_L0, 1
0x0095	0x1045      	BCF        Keypad_Key_Press_shifter_L0, 0
;__Lib_Keypad4x4.c,68 :: 		
0x0096	0x3004      	MOVLW      4
0x0097	0x07C3      	ADDWF      Keypad_Key_Press_loc_L0, 1
;__Lib_Keypad4x4.c,69 :: 		
0x0098	0x0AC4      	INCF       Keypad_Key_Press_rowcnt_L0, 1
;__Lib_Keypad4x4.c,70 :: 		
0x0099	0x2875      	GOTO       L_Keypad_Key_Press0
L_Keypad_Key_Press1:
;__Lib_Keypad4x4.c,72 :: 		
0x009A	0x0841      	MOVF       Keypad_Key_Press_rslt_L0, 0
0x009B	0x00F0      	MOVWF      R0
;__Lib_Keypad4x4.c,73 :: 		
0x009C	0x0008      	RETURN
; end of _Keypad_Key_Press
_Keypad_Key_Click:
;__Lib_Keypad4x4.c,76 :: 		
;__Lib_Keypad4x4.c,80 :: 		
0x009D	0x206E      	CALL       _Keypad_Key_Press
0x009E	0x0870      	MOVF       R0, 0
0x009F	0x00BD      	MOVWF      Keypad_Key_Click_rslt_L0
;__Lib_Keypad4x4.c,82 :: 		
L_Keypad_Key_Click5:
0x00A0	0x300F      	MOVLW      15
0x00A1	0x0506      	ANDWF      keypadPort, 0
0x00A2	0x00F0      	MOVWF      R0
0x00A3	0x1903      	BTFSC      STATUS, 2
0x00A4	0x28A7      	GOTO       L_Keypad_Key_Click6
;__Lib_Keypad4x4.c,83 :: 		
0x00A5	0x2058      	CALL       _Delay_10us
0x00A6	0x28A0      	GOTO       L_Keypad_Key_Click5
L_Keypad_Key_Click6:
;__Lib_Keypad4x4.c,85 :: 		
0x00A7	0x083D      	MOVF       Keypad_Key_Click_rslt_L0, 0
0x00A8	0x00F0      	MOVWF      R0
;__Lib_Keypad4x4.c,86 :: 		
0x00A9	0x0008      	RETURN
; end of _Keypad_Key_Click
_Lcd_Chr:
;__Lib_Lcd.c,65 :: 		
;__Lib_Lcd.c,66 :: 		
0x00AA	0x28BC      	GOTO       L_Lcd_Chr4
;__Lib_Lcd.c,67 :: 		
L_Lcd_Chr6:
0x00AB	0x3080      	MOVLW      128
0x00AC	0x1283      	BCF        STATUS, 5
0x00AD	0x1303      	BCF        STATUS, 6
0x00AE	0x00BD      	MOVWF      FARG_Lcd_Chr_row
0x00AF	0x28CF      	GOTO       L_Lcd_Chr5
;__Lib_Lcd.c,68 :: 		
L_Lcd_Chr7:
0x00B0	0x30C0      	MOVLW      192
0x00B1	0x00BD      	MOVWF      FARG_Lcd_Chr_row
0x00B2	0x28CF      	GOTO       L_Lcd_Chr5
;__Lib_Lcd.c,69 :: 		
L_Lcd_Chr8:
0x00B3	0x3094      	MOVLW      148
0x00B4	0x00BD      	MOVWF      FARG_Lcd_Chr_row
0x00B5	0x28CF      	GOTO       L_Lcd_Chr5
;__Lib_Lcd.c,70 :: 		
L_Lcd_Chr9:
0x00B6	0x30D4      	MOVLW      212
0x00B7	0x00BD      	MOVWF      FARG_Lcd_Chr_row
0x00B8	0x28CF      	GOTO       L_Lcd_Chr5
;__Lib_Lcd.c,71 :: 		
L_Lcd_Chr10:
0x00B9	0x3080      	MOVLW      128
0x00BA	0x00BD      	MOVWF      FARG_Lcd_Chr_row
;__Lib_Lcd.c,72 :: 		
0x00BB	0x28CF      	GOTO       L_Lcd_Chr5
L_Lcd_Chr4:
0x00BC	0x1283      	BCF        STATUS, 5
0x00BD	0x1303      	BCF        STATUS, 6
0x00BE	0x083D      	MOVF       FARG_Lcd_Chr_row, 0
0x00BF	0x3A01      	XORLW      1
0x00C0	0x1903      	BTFSC      STATUS, 2
0x00C1	0x28AB      	GOTO       L_Lcd_Chr6
0x00C2	0x083D      	MOVF       FARG_Lcd_Chr_row, 0
0x00C3	0x3A02      	XORLW      2
0x00C4	0x1903      	BTFSC      STATUS, 2
0x00C5	0x28B0      	GOTO       L_Lcd_Chr7
0x00C6	0x083D      	MOVF       FARG_Lcd_Chr_row, 0
0x00C7	0x3A03      	XORLW      3
0x00C8	0x1903      	BTFSC      STATUS, 2
0x00C9	0x28B3      	GOTO       L_Lcd_Chr8
0x00CA	0x083D      	MOVF       FARG_Lcd_Chr_row, 0
0x00CB	0x3A04      	XORLW      4
0x00CC	0x1903      	BTFSC      STATUS, 2
0x00CD	0x28B6      	GOTO       L_Lcd_Chr9
0x00CE	0x28B9      	GOTO       L_Lcd_Chr10
L_Lcd_Chr5:
;__Lib_Lcd.c,74 :: 		
0x00CF	0x033E      	DECF       FARG_Lcd_Chr_column, 0
0x00D0	0x00F0      	MOVWF      R0
0x00D1	0x083D      	MOVF       FARG_Lcd_Chr_row, 0
0x00D2	0x07F0      	ADDWF      R0, 1
0x00D3	0x0870      	MOVF       R0, 0
0x00D4	0x00BD      	MOVWF      FARG_Lcd_Chr_row
;__Lib_Lcd.c,76 :: 		
0x00D5	0x1439      	BSF        __Lib_Lcd_cmd_status, BitPos(__Lib_Lcd_cmd_status+0)
;__Lib_Lcd.c,77 :: 		
0x00D6	0x0870      	MOVF       R0, 0
0x00D7	0x00C6      	MOVWF      FARG_Lcd_Cmd_out_char
0x00D8	0x2018      	CALL       _Lcd_Cmd
;__Lib_Lcd.c,79 :: 		
0x00D9	0x1039      	BCF        __Lib_Lcd_cmd_status, BitPos(__Lib_Lcd_cmd_status+0)
;__Lib_Lcd.c,80 :: 		
0x00DA	0x083F      	MOVF       FARG_Lcd_Chr_out_char, 0
0x00DB	0x00C6      	MOVWF      FARG_Lcd_Cmd_out_char
0x00DC	0x2018      	CALL       _Lcd_Cmd
;__Lib_Lcd.c,81 :: 		
0x00DD	0x1439      	BSF        __Lib_Lcd_cmd_status, BitPos(__Lib_Lcd_cmd_status+0)
;__Lib_Lcd.c,82 :: 		
0x00DE	0x0008      	RETURN
; end of _Lcd_Chr
_Lcd_Out:
;__Lib_Lcd.c,184 :: 		
;__Lib_Lcd.c,187 :: 		
0x00DF	0x28F1      	GOTO       L_Lcd_Out11
;__Lib_Lcd.c,188 :: 		
L_Lcd_Out13:
0x00E0	0x3080      	MOVLW      128
0x00E1	0x1283      	BCF        STATUS, 5
0x00E2	0x1303      	BCF        STATUS, 6
0x00E3	0x00BD      	MOVWF      FARG_Lcd_Out_row
0x00E4	0x2904      	GOTO       L_Lcd_Out12
;__Lib_Lcd.c,189 :: 		
L_Lcd_Out14:
0x00E5	0x30C0      	MOVLW      192
0x00E6	0x00BD      	MOVWF      FARG_Lcd_Out_row
0x00E7	0x2904      	GOTO       L_Lcd_Out12
;__Lib_Lcd.c,190 :: 		
L_Lcd_Out15:
0x00E8	0x3094      	MOVLW      148
0x00E9	0x00BD      	MOVWF      FARG_Lcd_Out_row
0x00EA	0x2904      	GOTO       L_Lcd_Out12
;__Lib_Lcd.c,191 :: 		
L_Lcd_Out16:
0x00EB	0x30D4      	MOVLW      212
0x00EC	0x00BD      	MOVWF      FARG_Lcd_Out_row
0x00ED	0x2904      	GOTO       L_Lcd_Out12
;__Lib_Lcd.c,192 :: 		
L_Lcd_Out17:
0x00EE	0x3080      	MOVLW      128
0x00EF	0x00BD      	MOVWF      FARG_Lcd_Out_row
;__Lib_Lcd.c,193 :: 		
0x00F0	0x2904      	GOTO       L_Lcd_Out12
L_Lcd_Out11:
0x00F1	0x1283      	BCF        STATUS, 5
0x00F2	0x1303      	BCF        STATUS, 6
0x00F3	0x083D      	MOVF       FARG_Lcd_Out_row, 0
0x00F4	0x3A01      	XORLW      1
0x00F5	0x1903      	BTFSC      STATUS, 2
0x00F6	0x28E0      	GOTO       L_Lcd_Out13
0x00F7	0x083D      	MOVF       FARG_Lcd_Out_row, 0
0x00F8	0x3A02      	XORLW      2
0x00F9	0x1903      	BTFSC      STATUS, 2
0x00FA	0x28E5      	GOTO       L_Lcd_Out14
0x00FB	0x083D      	MOVF       FARG_Lcd_Out_row, 0
0x00FC	0x3A03      	XORLW      3
0x00FD	0x1903      	BTFSC      STATUS, 2
0x00FE	0x28E8      	GOTO       L_Lcd_Out15
0x00FF	0x083D      	MOVF       FARG_Lcd_Out_row, 0
0x0100	0x3A04      	XORLW      4
0x0101	0x1903      	BTFSC      STATUS, 2
0x0102	0x28EB      	GOTO       L_Lcd_Out16
0x0103	0x28EE      	GOTO       L_Lcd_Out17
L_Lcd_Out12:
;__Lib_Lcd.c,194 :: 		
0x0104	0x033E      	DECF       FARG_Lcd_Out_column, 0
0x0105	0x00F0      	MOVWF      R0
0x0106	0x083D      	MOVF       FARG_Lcd_Out_row, 0
0x0107	0x07F0      	ADDWF      R0, 1
0x0108	0x0870      	MOVF       R0, 0
0x0109	0x00BD      	MOVWF      FARG_Lcd_Out_row
;__Lib_Lcd.c,196 :: 		
0x010A	0x0870      	MOVF       R0, 0
0x010B	0x00C6      	MOVWF      FARG_Lcd_Cmd_out_char
0x010C	0x2018      	CALL       _Lcd_Cmd
;__Lib_Lcd.c,197 :: 		
0x010D	0x1039      	BCF        __Lib_Lcd_cmd_status, BitPos(__Lib_Lcd_cmd_status+0)
;__Lib_Lcd.c,198 :: 		
0x010E	0x01C0      	CLRF       Lcd_Out_i_L0
;__Lib_Lcd.c,199 :: 		
L_Lcd_Out18:
0x010F	0x0840      	MOVF       Lcd_Out_i_L0, 0
0x0110	0x073F      	ADDWF      FARG_Lcd_Out_text, 0
0x0111	0x0084      	MOVWF      FSR
0x0112	0x0800      	MOVF       INDF, 0
0x0113	0x1903      	BTFSC      STATUS, 2
0x0114	0x291D      	GOTO       L_Lcd_Out19
;__Lib_Lcd.c,200 :: 		
0x0115	0x0840      	MOVF       Lcd_Out_i_L0, 0
0x0116	0x073F      	ADDWF      FARG_Lcd_Out_text, 0
0x0117	0x0084      	MOVWF      FSR
0x0118	0x0800      	MOVF       INDF, 0
0x0119	0x00C1      	MOVWF      FARG_Lcd_Chr_CP_out_char
0x011A	0x205F      	CALL       _Lcd_Chr_CP
0x011B	0x0AC0      	INCF       Lcd_Out_i_L0, 1
0x011C	0x290F      	GOTO       L_Lcd_Out18
L_Lcd_Out19:
;__Lib_Lcd.c,201 :: 		
0x011D	0x1439      	BSF        __Lib_Lcd_cmd_status, BitPos(__Lib_Lcd_cmd_status+0)
;__Lib_Lcd.c,202 :: 		
0x011E	0x0008      	RETURN
; end of _Lcd_Out
_Keypad_Init:
;__Lib_Keypad4x4.c,33 :: 		
;__Lib_Keypad4x4.c,34 :: 		
0x011F	0x30FF      	MOVLW      255
0x0120	0x1683      	BSF        STATUS, 5
0x0121	0x1303      	BCF        STATUS, 6
0x0122	0x0086      	MOVWF      keypadPort+128
;__Lib_Keypad4x4.c,35 :: 		
0x0123	0x0008      	RETURN
; end of _Keypad_Init
___CC2DW:
;__Lib_System.c,24 :: 		
;__Lib_System.c,27 :: 		
_CC2D_Loop1:
;__Lib_System.c,29 :: 		
0x0124	0x2067      	CALL       _____DoICP
0x0125	0x118A      	BCF        PCLATH, 3
0x0126	0x120A      	BCF        PCLATH, 4
;__Lib_System.c,31 :: 		
0x0127	0x0080      	MOVWF      INDF
;__Lib_System.c,32 :: 		
0x0128	0x0A84      	INCF       FSR, 1
;__Lib_System.c,33 :: 		
0x0129	0x0ABB      	INCF       ___DoICPAddr, 1
;__Lib_System.c,35 :: 		
0x012A	0x1903      	BTFSC      STATUS, 2
;__Lib_System.c,36 :: 		
0x012B	0x0ABC      	INCF       ___DoICPAddr+1, 1
;__Lib_System.c,37 :: 		
0x012C	0x03F0      	DECF       R0, 1
;__Lib_System.c,39 :: 		
0x012D	0x1D03      	BTFSS      STATUS, 2
;__Lib_System.c,40 :: 		
0x012E	0x2924      	GOTO       _CC2D_Loop1
;__Lib_System.c,42 :: 		
0x012F	0x0008      	RETURN
; end of ___CC2DW
_Lcd_Init:
;__Lib_Lcd.c,84 :: 		
;__Lib_Lcd.c,86 :: 		
0x0130	0x1683      	BSF        STATUS, 5
0x0131	0x1303      	BCF        STATUS, 6
0x0132	0x1108      	BCF        LCD_EN_Direction, BitPos(LCD_EN_Direction+0)
;__Lib_Lcd.c,87 :: 		
0x0133	0x1088      	BCF        LCD_RS_Direction, BitPos(LCD_RS_Direction+0)
;__Lib_Lcd.c,88 :: 		
0x0134	0x1208      	BCF        LCD_D4_Direction, BitPos(LCD_D4_Direction+0)
;__Lib_Lcd.c,89 :: 		
0x0135	0x1288      	BCF        LCD_D5_Direction, BitPos(LCD_D5_Direction+0)
;__Lib_Lcd.c,90 :: 		
0x0136	0x1308      	BCF        LCD_D6_Direction, BitPos(LCD_D6_Direction+0)
;__Lib_Lcd.c,91 :: 		
0x0137	0x1388      	BCF        LCD_D7_Direction, BitPos(LCD_D7_Direction+0)
;__Lib_Lcd.c,93 :: 		
0x0138	0x1283      	BCF        STATUS, 5
0x0139	0x1108      	BCF        LCD_EN, BitPos(LCD_EN+0)
;__Lib_Lcd.c,94 :: 		
0x013A	0x1088      	BCF        LCD_RS, BitPos(LCD_RS+0)
;__Lib_Lcd.c,95 :: 		
0x013B	0x1388      	BCF        LCD_D7, BitPos(LCD_D7+0)
;__Lib_Lcd.c,96 :: 		
0x013C	0x1308      	BCF        LCD_D6, BitPos(LCD_D6+0)
;__Lib_Lcd.c,97 :: 		
0x013D	0x1288      	BCF        LCD_D5, BitPos(LCD_D5+0)
;__Lib_Lcd.c,98 :: 		
0x013E	0x1208      	BCF        LCD_D4, BitPos(LCD_D4+0)
;__Lib_Lcd.c,100 :: 		
0x013F	0x200D      	CALL       _Delay_5500us
;__Lib_Lcd.c,101 :: 		
0x0140	0x200D      	CALL       _Delay_5500us
;__Lib_Lcd.c,102 :: 		
0x0141	0x200D      	CALL       _Delay_5500us
;__Lib_Lcd.c,105 :: 		
0x0142	0x1688      	BSF        LCD_D5, BitPos(LCD_D5+0)
;__Lib_Lcd.c,106 :: 		
0x0143	0x1608      	BSF        LCD_D4, BitPos(LCD_D4+0)
;__Lib_Lcd.c,107 :: 		
0x0144	0x1508      	BSF        LCD_EN, BitPos(LCD_EN+0)
;__Lib_Lcd.c,108 :: 		
0x0145	0x2003      	CALL       _Delay_1us
;__Lib_Lcd.c,109 :: 		
0x0146	0x1108      	BCF        LCD_EN, BitPos(LCD_EN+0)
;__Lib_Lcd.c,110 :: 		
0x0147	0x200D      	CALL       _Delay_5500us
;__Lib_Lcd.c,112 :: 		
0x0148	0x1508      	BSF        LCD_EN, BitPos(LCD_EN+0)
;__Lib_Lcd.c,113 :: 		
0x0149	0x2003      	CALL       _Delay_1us
;__Lib_Lcd.c,114 :: 		
0x014A	0x1108      	BCF        LCD_EN, BitPos(LCD_EN+0)
;__Lib_Lcd.c,115 :: 		
0x014B	0x200D      	CALL       _Delay_5500us
;__Lib_Lcd.c,117 :: 		
0x014C	0x1508      	BSF        LCD_EN, BitPos(LCD_EN+0)
;__Lib_Lcd.c,118 :: 		
0x014D	0x2003      	CALL       _Delay_1us
;__Lib_Lcd.c,119 :: 		
0x014E	0x1108      	BCF        LCD_EN, BitPos(LCD_EN+0)
;__Lib_Lcd.c,120 :: 		
0x014F	0x200D      	CALL       _Delay_5500us
;__Lib_Lcd.c,123 :: 		
0x0150	0x1208      	BCF        LCD_D4, BitPos(LCD_D4+0)
;__Lib_Lcd.c,124 :: 		
0x0151	0x1508      	BSF        LCD_EN, BitPos(LCD_EN+0)
;__Lib_Lcd.c,125 :: 		
0x0152	0x2003      	CALL       _Delay_1us
;__Lib_Lcd.c,126 :: 		
0x0153	0x1108      	BCF        LCD_EN, BitPos(LCD_EN+0)
;__Lib_Lcd.c,127 :: 		
0x0154	0x200D      	CALL       _Delay_5500us
;__Lib_Lcd.c,130 :: 		
0x0155	0x1508      	BSF        LCD_EN, BitPos(LCD_EN+0)
;__Lib_Lcd.c,131 :: 		
0x0156	0x2003      	CALL       _Delay_1us
;__Lib_Lcd.c,132 :: 		
0x0157	0x1108      	BCF        LCD_EN, BitPos(LCD_EN+0)
;__Lib_Lcd.c,134 :: 		
0x0158	0x1288      	BCF        LCD_D5, BitPos(LCD_D5+0)
;__Lib_Lcd.c,135 :: 		
0x0159	0x1788      	BSF        LCD_D7, BitPos(LCD_D7+0)
;__Lib_Lcd.c,136 :: 		
0x015A	0x1508      	BSF        LCD_EN, BitPos(LCD_EN+0)
;__Lib_Lcd.c,137 :: 		
0x015B	0x2003      	CALL       _Delay_1us
;__Lib_Lcd.c,138 :: 		
0x015C	0x1108      	BCF        LCD_EN, BitPos(LCD_EN+0)
;__Lib_Lcd.c,139 :: 		
0x015D	0x200D      	CALL       _Delay_5500us
;__Lib_Lcd.c,142 :: 		
0x015E	0x1388      	BCF        LCD_D7, BitPos(LCD_D7+0)
;__Lib_Lcd.c,143 :: 		
0x015F	0x1608      	BSF        LCD_D4, BitPos(LCD_D4+0)
;__Lib_Lcd.c,144 :: 		
0x0160	0x1508      	BSF        LCD_EN, BitPos(LCD_EN+0)
;__Lib_Lcd.c,145 :: 		
0x0161	0x2003      	CALL       _Delay_1us
;__Lib_Lcd.c,146 :: 		
0x0162	0x1108      	BCF        LCD_EN, BitPos(LCD_EN+0)
;__Lib_Lcd.c,148 :: 		
0x0163	0x1208      	BCF        LCD_D4, BitPos(LCD_D4+0)
;__Lib_Lcd.c,149 :: 		
0x0164	0x1508      	BSF        LCD_EN, BitPos(LCD_EN+0)
;__Lib_Lcd.c,150 :: 		
0x0165	0x2003      	CALL       _Delay_1us
;__Lib_Lcd.c,151 :: 		
0x0166	0x1108      	BCF        LCD_EN, BitPos(LCD_EN+0)
;__Lib_Lcd.c,152 :: 		
0x0167	0x200D      	CALL       _Delay_5500us
;__Lib_Lcd.c,155 :: 		
0x0168	0x1508      	BSF        LCD_EN, BitPos(LCD_EN+0)
;__Lib_Lcd.c,156 :: 		
0x0169	0x2003      	CALL       _Delay_1us
;__Lib_Lcd.c,157 :: 		
0x016A	0x1108      	BCF        LCD_EN, BitPos(LCD_EN+0)
;__Lib_Lcd.c,159 :: 		
0x016B	0x1608      	BSF        LCD_D4, BitPos(LCD_D4+0)
;__Lib_Lcd.c,160 :: 		
0x016C	0x1508      	BSF        LCD_EN, BitPos(LCD_EN+0)
;__Lib_Lcd.c,161 :: 		
0x016D	0x2003      	CALL       _Delay_1us
;__Lib_Lcd.c,162 :: 		
0x016E	0x1108      	BCF        LCD_EN, BitPos(LCD_EN+0)
;__Lib_Lcd.c,163 :: 		
0x016F	0x200D      	CALL       _Delay_5500us
;__Lib_Lcd.c,166 :: 		
0x0170	0x1208      	BCF        LCD_D4, BitPos(LCD_D4+0)
;__Lib_Lcd.c,167 :: 		
0x0171	0x1508      	BSF        LCD_EN, BitPos(LCD_EN+0)
;__Lib_Lcd.c,168 :: 		
0x0172	0x2003      	CALL       _Delay_1us
;__Lib_Lcd.c,169 :: 		
0x0173	0x1108      	BCF        LCD_EN, BitPos(LCD_EN+0)
;__Lib_Lcd.c,171 :: 		
0x0174	0x1788      	BSF        LCD_D7, BitPos(LCD_D7+0)
;__Lib_Lcd.c,172 :: 		
0x0175	0x1708      	BSF        LCD_D6, BitPos(LCD_D6+0)
;__Lib_Lcd.c,173 :: 		
0x0176	0x1688      	BSF        LCD_D5, BitPos(LCD_D5+0)
;__Lib_Lcd.c,174 :: 		
0x0177	0x1608      	BSF        LCD_D4, BitPos(LCD_D4+0)
;__Lib_Lcd.c,175 :: 		
0x0178	0x1508      	BSF        LCD_EN, BitPos(LCD_EN+0)
;__Lib_Lcd.c,176 :: 		
0x0179	0x2003      	CALL       _Delay_1us
;__Lib_Lcd.c,177 :: 		
0x017A	0x1108      	BCF        LCD_EN, BitPos(LCD_EN+0)
;__Lib_Lcd.c,179 :: 		
0x017B	0x200D      	CALL       _Delay_5500us
;__Lib_Lcd.c,181 :: 		
0x017C	0x1439      	BSF        __Lib_Lcd_cmd_status, BitPos(__Lib_Lcd_cmd_status+0)
;__Lib_Lcd.c,182 :: 		
0x017D	0x0008      	RETURN
; end of _Lcd_Init
_main:
0x017E	0x3070      	MOVLW      112
0x017F	0x1283      	BCF        STATUS, 5
0x0180	0x1303      	BCF        STATUS, 6
0x0181	0x00A0      	MOVWF      ?lstr1_variable
0x0182	0x3075      	MOVLW      117
0x0183	0x00A1      	MOVWF      33
0x0184	0x3073      	MOVLW      115
0x0185	0x00A2      	MOVWF      34
0x0186	0x3068      	MOVLW      104
0x0187	0x00A3      	MOVWF      35
0x0188	0x3020      	MOVLW      32
0x0189	0x00A4      	MOVWF      36
0x018A	0x3074      	MOVLW      116
0x018B	0x00A5      	MOVWF      37
0x018C	0x3068      	MOVLW      104
0x018D	0x00A6      	MOVWF      38
0x018E	0x3065      	MOVLW      101
0x018F	0x00A7      	MOVWF      39
0x0190	0x3020      	MOVLW      32
0x0191	0x00A8      	MOVWF      40
0x0192	0x3062      	MOVLW      98
0x0193	0x00A9      	MOVWF      41
0x0194	0x3075      	MOVLW      117
0x0195	0x00AA      	MOVWF      42
0x0196	0x3074      	MOVLW      116
0x0197	0x00AB      	MOVWF      43
0x0198	0x3074      	MOVLW      116
0x0199	0x00AC      	MOVWF      44
0x019A	0x306F      	MOVLW      111
0x019B	0x00AD      	MOVWF      45
0x019C	0x306E      	MOVLW      110
0x019D	0x00AE      	MOVWF      46
0x019E	0x303A      	MOVLW      58
0x019F	0x00AF      	MOVWF      47
0x01A0	0x01B0      	CLRF       48
0x01A1	0x3044      	MOVLW      68
0x01A2	0x00B1      	MOVWF      ?lstr2_variable
0x01A3	0x3061      	MOVLW      97
0x01A4	0x00B2      	MOVWF      50
0x01A5	0x306E      	MOVLW      110
0x01A6	0x00B3      	MOVWF      51
0x01A7	0x3069      	MOVLW      105
0x01A8	0x00B4      	MOVWF      52
0x01A9	0x3065      	MOVLW      101
0x01AA	0x00B5      	MOVWF      53
0x01AB	0x306C      	MOVLW      108
0x01AC	0x00B6      	MOVWF      54
0x01AD	0x01B7      	CLRF       55
;variable.c,16 :: 		void main(void)
;variable.c,18 :: 		keypad_Init();
0x01AE	0x211F      	CALL       _Keypad_Init
;variable.c,19 :: 		Lcd_init();
0x01AF	0x2130      	CALL       _Lcd_Init
;variable.c,20 :: 		Lcd_Cmd(_LCD_CURSOR_OFF);
0x01B0	0x300C      	MOVLW      12
0x01B1	0x00C6      	MOVWF      FARG_Lcd_Cmd_out_char
0x01B2	0x2018      	CALL       _Lcd_Cmd
;variable.c,21 :: 		Lcd_out(1,1,"push the button:");
0x01B3	0x3001      	MOVLW      1
0x01B4	0x00BD      	MOVWF      FARG_Lcd_Out_row
0x01B5	0x3001      	MOVLW      1
0x01B6	0x00BE      	MOVWF      FARG_Lcd_Out_column
0x01B7	0x3020      	MOVLW      ?lstr1_variable
0x01B8	0x00BF      	MOVWF      FARG_Lcd_Out_text
0x01B9	0x20DF      	CALL       _Lcd_Out
;variable.c,22 :: 		Lcd_out(2,1,"Daniel");
0x01BA	0x3002      	MOVLW      2
0x01BB	0x00BD      	MOVWF      FARG_Lcd_Out_row
0x01BC	0x3001      	MOVLW      1
0x01BD	0x00BE      	MOVWF      FARG_Lcd_Out_column
0x01BE	0x3031      	MOVLW      ?lstr2_variable
0x01BF	0x00BF      	MOVWF      FARG_Lcd_Out_text
0x01C0	0x20DF      	CALL       _Lcd_Out
;variable.c,23 :: 		Delay_ms(900);
0x01C1	0x3005      	MOVLW      5
0x01C2	0x00FB      	MOVWF      R11
0x01C3	0x3091      	MOVLW      145
0x01C4	0x00FC      	MOVWF      R12
0x01C5	0x30CF      	MOVLW      207
0x01C6	0x00FD      	MOVWF      R13
L_main0:
0x01C7	0x0BFD      	DECFSZ     R13, 1
0x01C8	0x29C7      	GOTO       L_main0
0x01C9	0x0BFC      	DECFSZ     R12, 1
0x01CA	0x29C7      	GOTO       L_main0
0x01CB	0x0BFB      	DECFSZ     R11, 1
0x01CC	0x29C7      	GOTO       L_main0
0x01CD	0x0000      	NOP
0x01CE	0x0000      	NOP
;variable.c,24 :: 		for(k=0;k<30; k++) {               // Move text to the right 4 times
0x01CF	0x01B8      	CLRF       _k
L_main1:
0x01D0	0x301E      	MOVLW      30
0x01D1	0x0238      	SUBWF      _k, 0
0x01D2	0x1803      	BTFSC      STATUS, 0
0x01D3	0x29E7      	GOTO       L_main2
;variable.c,25 :: 		Lcd_Cmd(_LCD_SHIFT_RIGHT);
0x01D4	0x301C      	MOVLW      28
0x01D5	0x00C6      	MOVWF      FARG_Lcd_Cmd_out_char
0x01D6	0x2018      	CALL       _Lcd_Cmd
;variable.c,26 :: 		Delay_ms(2000);
0x01D7	0x300B      	MOVLW      11
0x01D8	0x00FB      	MOVWF      R11
0x01D9	0x3026      	MOVLW      38
0x01DA	0x00FC      	MOVWF      R12
0x01DB	0x305D      	MOVLW      93
0x01DC	0x00FD      	MOVWF      R13
L_main4:
0x01DD	0x0BFD      	DECFSZ     R13, 1
0x01DE	0x29DD      	GOTO       L_main4
0x01DF	0x0BFC      	DECFSZ     R12, 1
0x01E0	0x29DD      	GOTO       L_main4
0x01E1	0x0BFB      	DECFSZ     R11, 1
0x01E2	0x29DD      	GOTO       L_main4
0x01E3	0x0000      	NOP
0x01E4	0x0000      	NOP
;variable.c,24 :: 		for(k=0;k<30; k++) {               // Move text to the right 4 times
0x01E5	0x0AB8      	INCF       _k, 1
;variable.c,27 :: 		}
0x01E6	0x29D0      	GOTO       L_main1
L_main2:
;variable.c,28 :: 		Lcd_Cmd(_LCD_CLEAR);
0x01E7	0x3001      	MOVLW      1
0x01E8	0x00C6      	MOVWF      FARG_Lcd_Cmd_out_char
0x01E9	0x2018      	CALL       _Lcd_Cmd
;variable.c,29 :: 		do{
L_main5:
;variable.c,30 :: 		kp=0;
0x01EA	0x01BA      	CLRF       _kp
;variable.c,31 :: 		do
L_main8:
;variable.c,32 :: 		kp=keypad_key_click();
0x01EB	0x209D      	CALL       _Keypad_Key_Click
0x01EC	0x0870      	MOVF       R0, 0
0x01ED	0x00BA      	MOVWF      _kp
;variable.c,33 :: 		while (!kp);
0x01EE	0x0870      	MOVF       R0, 0
0x01EF	0x1903      	BTFSC      STATUS, 2
0x01F0	0x29EB      	GOTO       L_main8
;variable.c,34 :: 		switch (kp)
0x01F1	0x2A22      	GOTO       L_main11
;variable.c,36 :: 		case 1: kp= 68;break;
L_main13:
0x01F2	0x3044      	MOVLW      68
0x01F3	0x00BA      	MOVWF      _kp
0x01F4	0x2A62      	GOTO       L_main12
;variable.c,37 :: 		case 2: kp= 65;break;
L_main14:
0x01F5	0x3041      	MOVLW      65
0x01F6	0x00BA      	MOVWF      _kp
0x01F7	0x2A62      	GOTO       L_main12
;variable.c,38 :: 		case 3: kp= 78;break;
L_main15:
0x01F8	0x304E      	MOVLW      78
0x01F9	0x00BA      	MOVWF      _kp
0x01FA	0x2A62      	GOTO       L_main12
;variable.c,39 :: 		case 4: kp= 73;break;
L_main16:
0x01FB	0x3049      	MOVLW      73
0x01FC	0x00BA      	MOVWF      _kp
0x01FD	0x2A62      	GOTO       L_main12
;variable.c,40 :: 		case 5: kp=69;break;
L_main17:
0x01FE	0x3045      	MOVLW      69
0x01FF	0x00BA      	MOVWF      _kp
0x0200	0x2A62      	GOTO       L_main12
;variable.c,41 :: 		case 6: kp=76;break;
L_main18:
0x0201	0x304C      	MOVLW      76
0x0202	0x00BA      	MOVWF      _kp
0x0203	0x2A62      	GOTO       L_main12
;variable.c,42 :: 		case 7: kp=49;break;
L_main19:
0x0204	0x3031      	MOVLW      49
0x0205	0x00BA      	MOVWF      _kp
0x0206	0x2A62      	GOTO       L_main12
;variable.c,43 :: 		case 8: kp=50;break;
L_main20:
0x0207	0x3032      	MOVLW      50
0x0208	0x00BA      	MOVWF      _kp
0x0209	0x2A62      	GOTO       L_main12
;variable.c,44 :: 		case 9: kp=51;break;
L_main21:
0x020A	0x3033      	MOVLW      51
0x020B	0x00BA      	MOVWF      _kp
0x020C	0x2A62      	GOTO       L_main12
;variable.c,45 :: 		case 10: kp=52;break;
L_main22:
0x020D	0x3034      	MOVLW      52
0x020E	0x00BA      	MOVWF      _kp
0x020F	0x2A62      	GOTO       L_main12
;variable.c,46 :: 		case 11: kp=53;break;
L_main23:
0x0210	0x3035      	MOVLW      53
0x0211	0x00BA      	MOVWF      _kp
0x0212	0x2A62      	GOTO       L_main12
;variable.c,47 :: 		case 12: kp=54;break;
L_main24:
0x0213	0x3036      	MOVLW      54
0x0214	0x00BA      	MOVWF      _kp
0x0215	0x2A62      	GOTO       L_main12
;variable.c,48 :: 		case 13: kp=55;break;
L_main25:
0x0216	0x3037      	MOVLW      55
0x0217	0x00BA      	MOVWF      _kp
0x0218	0x2A62      	GOTO       L_main12
;variable.c,49 :: 		case 14: kp=56;break;
L_main26:
0x0219	0x3038      	MOVLW      56
0x021A	0x00BA      	MOVWF      _kp
0x021B	0x2A62      	GOTO       L_main12
;variable.c,50 :: 		case 15: kp=57;break;
L_main27:
0x021C	0x3039      	MOVLW      57
0x021D	0x00BA      	MOVWF      _kp
0x021E	0x2A62      	GOTO       L_main12
;variable.c,51 :: 		case 16: kp=126;break; //Tecla no pulsada.
L_main28:
0x021F	0x307E      	MOVLW      126
0x0220	0x00BA      	MOVWF      _kp
0x0221	0x2A62      	GOTO       L_main12
;variable.c,52 :: 		}
L_main11:
0x0222	0x083A      	MOVF       _kp, 0
0x0223	0x3A01      	XORLW      1
0x0224	0x1903      	BTFSC      STATUS, 2
0x0225	0x29F2      	GOTO       L_main13
0x0226	0x083A      	MOVF       _kp, 0
0x0227	0x3A02      	XORLW      2
0x0228	0x1903      	BTFSC      STATUS, 2
0x0229	0x29F5      	GOTO       L_main14
0x022A	0x083A      	MOVF       _kp, 0
0x022B	0x3A03      	XORLW      3
0x022C	0x1903      	BTFSC      STATUS, 2
0x022D	0x29F8      	GOTO       L_main15
0x022E	0x083A      	MOVF       _kp, 0
0x022F	0x3A04      	XORLW      4
0x0230	0x1903      	BTFSC      STATUS, 2
0x0231	0x29FB      	GOTO       L_main16
0x0232	0x083A      	MOVF       _kp, 0
0x0233	0x3A05      	XORLW      5
0x0234	0x1903      	BTFSC      STATUS, 2
0x0235	0x29FE      	GOTO       L_main17
0x0236	0x083A      	MOVF       _kp, 0
0x0237	0x3A06      	XORLW      6
0x0238	0x1903      	BTFSC      STATUS, 2
0x0239	0x2A01      	GOTO       L_main18
0x023A	0x083A      	MOVF       _kp, 0
0x023B	0x3A07      	XORLW      7
0x023C	0x1903      	BTFSC      STATUS, 2
0x023D	0x2A04      	GOTO       L_main19
0x023E	0x083A      	MOVF       _kp, 0
0x023F	0x3A08      	XORLW      8
0x0240	0x1903      	BTFSC      STATUS, 2
0x0241	0x2A07      	GOTO       L_main20
0x0242	0x083A      	MOVF       _kp, 0
0x0243	0x3A09      	XORLW      9
0x0244	0x1903      	BTFSC      STATUS, 2
0x0245	0x2A0A      	GOTO       L_main21
0x0246	0x083A      	MOVF       _kp, 0
0x0247	0x3A0A      	XORLW      10
0x0248	0x1903      	BTFSC      STATUS, 2
0x0249	0x2A0D      	GOTO       L_main22
0x024A	0x083A      	MOVF       _kp, 0
0x024B	0x3A0B      	XORLW      11
0x024C	0x1903      	BTFSC      STATUS, 2
0x024D	0x2A10      	GOTO       L_main23
0x024E	0x083A      	MOVF       _kp, 0
0x024F	0x3A0C      	XORLW      12
0x0250	0x1903      	BTFSC      STATUS, 2
0x0251	0x2A13      	GOTO       L_main24
0x0252	0x083A      	MOVF       _kp, 0
0x0253	0x3A0D      	XORLW      13
0x0254	0x1903      	BTFSC      STATUS, 2
0x0255	0x2A16      	GOTO       L_main25
0x0256	0x083A      	MOVF       _kp, 0
0x0257	0x3A0E      	XORLW      14
0x0258	0x1903      	BTFSC      STATUS, 2
0x0259	0x2A19      	GOTO       L_main26
0x025A	0x083A      	MOVF       _kp, 0
0x025B	0x3A0F      	XORLW      15
0x025C	0x1903      	BTFSC      STATUS, 2
0x025D	0x2A1C      	GOTO       L_main27
0x025E	0x083A      	MOVF       _kp, 0
0x025F	0x3A10      	XORLW      16
0x0260	0x1903      	BTFSC      STATUS, 2
0x0261	0x2A1F      	GOTO       L_main28
L_main12:
;variable.c,54 :: 		Lcd_Chr(2,1,kp);
0x0262	0x3002      	MOVLW      2
0x0263	0x00BD      	MOVWF      FARG_Lcd_Chr_row
0x0264	0x3001      	MOVLW      1
0x0265	0x00BE      	MOVWF      FARG_Lcd_Chr_column
0x0266	0x083A      	MOVF       _kp, 0
0x0267	0x00BF      	MOVWF      FARG_Lcd_Chr_out_char
0x0268	0x20AA      	CALL       _Lcd_Chr
;variable.c,56 :: 		while (1);
0x0269	0x29EA      	GOTO       L_main5
;variable.c,57 :: 		}
0x026A	0x2A6A      	GOTO       $+0
; end of _main
Symbol List:
//** Routines locations **
//ADDRESS    SIZE    PROCEDURE
//----------------------------------------------
0x0003       [2]    _Delay_1us
0x0005       [8]    _Delay_50us
0x000D      [11]    _Delay_5500us
0x0018      [64]    _Lcd_Cmd
0x0058       [7]    _Delay_10us
0x005F       [8]    _Lcd_Chr_CP
0x0067       [7]    _____DoICP
0x006E      [47]    _Keypad_Key_Press
0x009D      [13]    _Keypad_Key_Click
0x00AA      [53]    _Lcd_Chr
0x00DF      [64]    _Lcd_Out
0x011F       [5]    _Keypad_Init
0x0124      [12]    ___CC2DW
0x0130      [78]    _Lcd_Init
0x017E     [237]    _main
//** Variables locations ** 
//ADDRESS    SIZE    VARIABLE
//----------------------------------------------
0x0000       [1]    INDF
0x0001       [1]    TMR0
0x0002       [1]    PCL
0x0003       [0]    NOT_PD_bit
0x0003       [0]    C_bit
0x0003       [0]    Z_bit
0x0003       [0]    DC_bit
0x0003       [0]    RP1_bit
0x0003       [0]    NOT_TO_bit
0x0003       [0]    RP0_bit
0x0003       [1]    STATUS
0x0003       [0]    IRP_bit
0x0004       [1]    FSR
0x0004       [1]    FSRPTR
0x0005       [1]    PORTA
0x0005       [0]    RA0_bit
0x0005       [0]    RA2_bit
0x0005       [0]    RA4_bit
0x0005       [0]    RA1_bit
0x0005       [0]    RA5_bit
0x0005       [0]    RA3_bit
0x0006       [0]    RB3_bit
0x0006       [0]    RB4_bit
0x0006       [0]    RB2_bit
0x0006       [0]    RB0_bit
0x0006       [0]    RB1_bit
0x0006       [2]    keypadPort
0x0006       [1]    PORTB
0x0006       [0]    RB7_bit
0x0006       [0]    RB5_bit
0x0006       [0]    RB6_bit
0x0007       [0]    RC5_bit
0x0007       [0]    RC6_bit
0x0007       [0]    RC7_bit
0x0007       [0]    RC1_bit
0x0007       [0]    RC0_bit
0x0007       [1]    PORTC
0x0007       [0]    RC4_bit
0x0007       [0]    RC3_bit
0x0007       [0]    RC2_bit
0x0008       [0]    LCD_D5
0x0008       [0]    LCD_D4
0x0008       [0]    LCD_D6
0x0008       [0]    LCD_RS
0x0008       [0]    LCD_EN
0x0008       [0]    LCD_D7
0x0008       [0]    RD0_bit
0x0008       [0]    RD5_bit
0x0008       [0]    RD6_bit
0x0008       [0]    RD7_bit
0x0008       [0]    RD4_bit
0x0008       [0]    RD1_bit
0x0008       [0]    RD2_bit
0x0008       [0]    RD3_bit
0x0008       [1]    PORTD
0x0009       [0]    RE1_bit
0x0009       [0]    RE2_bit
0x0009       [1]    PORTE
0x0009       [0]    RE0_bit
0x000A       [1]    PCLATH
0x000B       [0]    GIE_bit
0x000B       [0]    TMR0IF_bit
0x000B       [0]    RBIF_bit
0x000B       [0]    INTF_bit
0x000B       [1]    INTCON
0x000B       [0]    PEIE_bit
0x000B       [0]    RBIE_bit
0x000B       [0]    T0IE_bit
0x000B       [0]    T0IF_bit
0x000B       [0]    TMR0IE_bit
0x000B       [0]    INTE_bit
0x000C       [0]    TMR1IF_bit
0x000C       [0]    ADIF_bit
0x000C       [0]    RCIF_bit
0x000C       [0]    PSPIF_bit
0x000C       [0]    TXIF_bit
0x000C       [0]    TMR2IF_bit
0x000C       [0]    CCP1IF_bit
0x000C       [0]    SSPIF_bit
0x000C       [1]    PIR1
0x000D       [1]    PIR2
0x000D       [0]    CCP2IF_bit
0x000D       [0]    BCLIF_bit
0x000D       [0]    EEIF_bit
0x000D       [0]    CMIF_bit
0x000E       [1]    TMR1L
0x000F       [1]    TMR1H
0x0010       [0]    T1SYNC_bit
0x0010       [0]    T1INSYNC_bit
0x0010       [0]    TMR1ON_bit
0x0010       [0]    TMR1CS_bit
0x0010       [0]    T1CKPS0_bit
0x0010       [0]    T1CKPS1_bit
0x0010       [0]    NOT_T1SYNC_bit
0x0010       [0]    T1OSCEN_bit
0x0010       [1]    T1CON
0x0011       [1]    TMR2
0x0012       [0]    TOUTPS0_bit
0x0012       [0]    TMR2ON_bit
0x0012       [0]    T2CKPS1_bit
0x0012       [0]    TOUTPS2_bit
0x0012       [0]    TOUTPS1_bit
0x0012       [1]    T2CON
0x0012       [0]    TOUTPS3_bit
0x0012       [0]    T2CKPS0_bit
0x0013       [1]    SSPBUF
0x0014       [0]    SSPM2_bit
0x0014       [0]    SSPM3_bit
0x0014       [0]    SSPM0_bit
0x0014       [0]    SSPM1_bit
0x0014       [0]    SSPEN_bit
0x0014       [0]    SSPOV_bit
0x0014       [0]    CKP_bit
0x0014       [0]    WCOL_bit
0x0014       [1]    SSPCON
0x0015       [1]    CCPR1L
0x0015       [2]    CCPR1
0x0016       [1]    CCPR1H
0x0017       [0]    CCP1M3_bit
0x0017       [0]    CCP1X_bit
0x0017       [0]    CCP1Y_bit
0x0017       [0]    CCP1M0_bit
0x0017       [0]    CCP1M1_bit
0x0017       [0]    CCP1M2_bit
0x0017       [1]    CCP1CON
0x0018       [0]    OERR_bit
0x0018       [0]    NOT_RC8_bit
0x0018       [0]    RC8_9_bit
0x0018       [0]    SPEN_bit
0x0018       [0]    RCD8_bit
0x0018       [0]    RC9_bit
0x0018       [0]    RX9D_bit
0x0018       [0]    RX9_bit
0x0018       [0]    SREN_bit
0x0018       [0]    ADDEN_bit
0x0018       [0]    CREN_bit
0x0018       [1]    RCSTA
0x0018       [0]    FERR_bit
0x0019       [1]    TXREG
0x001A       [1]    RCREG
0x001B       [1]    CCPR2L
0x001B       [2]    CCPR2
0x001C       [1]    CCPR2H
0x001D       [0]    CCP2M1_bit
0x001D       [0]    CCP2M0_bit
0x001D       [1]    CCP2CON
0x001D       [0]    CCP2M2_bit
0x001D       [0]    CCP2X_bit
0x001D       [0]    CCP2Y_bit
0x001D       [0]    CCP2M3_bit
0x001E       [1]    ADRESH
0x001F       [0]    ADCS0_bit
0x001F       [0]    CHS0_bit
0x001F       [0]    GO_DONE_bit
0x001F       [0]    NOT_DONE_bit
0x001F       [0]    GO_bit
0x001F       [0]    ADCS1_bit
0x001F       [0]    CHS2_bit
0x001F       [0]    ADON_bit
0x001F       [0]    CHS1_bit
0x001F       [1]    ADCON0
0x0020      [17]    ?lstr1_variable
0x0031       [7]    ?lstr2_variable
0x0038       [1]    _k
0x0039       [0]    __Lib_Lcd_cmd_status
0x003A       [1]    _kp
0x003B       [2]    ___DoICPAddr
0x003D       [1]    FARG_Lcd_Out_row
0x003D       [1]    FARG_Lcd_Chr_row
0x003D       [1]    Keypad_Key_Click_rslt_L0
0x003E       [1]    FARG_Lcd_Chr_column
0x003E       [1]    FARG_Lcd_Out_column
0x003F       [1]    FARG_Lcd_Chr_out_char
0x003F       [1]    FARG_Lcd_Out_text
0x0040       [1]    Lcd_Out_i_L0
0x0041       [1]    FARG_Lcd_Chr_CP_out_char
0x0041       [1]    Keypad_Key_Press_rslt_L0
0x0042       [1]    Keypad_Key_Press_kdata_L0
0x0043       [1]    Keypad_Key_Press_loc_L0
0x0044       [1]    Keypad_Key_Press_rowcnt_L0
0x0045       [1]    Keypad_Key_Press_shifter_L0
0x0046       [1]    FARG_Lcd_Cmd_out_char
0x0070       [1]    R0
0x0071       [1]    R1
0x0072       [1]    R2
0x0073       [1]    R3
0x0074       [1]    R4
0x0075       [1]    R5
0x0076       [1]    R6
0x0077       [1]    R7
0x0078       [1]    R8
0x0079       [1]    R9
0x007A       [1]    R10
0x007B       [1]    R11
0x007C       [1]    R12
0x007D       [1]    R13
0x007E       [1]    R14
0x007F       [1]    R15
0x0081       [0]    INTEDG_bit
0x0081       [0]    PSA_bit
0x0081       [0]    PS2_bit
0x0081       [0]    T0CS_bit
0x0081       [0]    T0SE_bit
0x0081       [1]    OPTION_REG
0x0081       [0]    PS0_bit
0x0081       [0]    PS1_bit
0x0081       [0]    NOT_RBPU_bit
0x0085       [0]    TRISA3_bit
0x0085       [0]    TRISA4_bit
0x0085       [0]    TRISA1_bit
0x0085       [0]    TRISA2_bit
0x0085       [1]    TRISA
0x0085       [0]    TRISA5_bit
0x0085       [0]    TRISA0_bit
0x0086       [0]    TRISB1_bit
0x0086       [0]    TRISB0_bit
0x0086       [1]    TRISB
0x0086       [0]    TRISB2_bit
0x0086       [0]    TRISB6_bit
0x0086       [0]    TRISB7_bit
0x0086       [0]    TRISB5_bit
0x0086       [0]    TRISB3_bit
0x0086       [0]    TRISB4_bit
0x0087       [1]    TRISC
0x0087       [0]    TRISC2_bit
0x0087       [0]    TRISC3_bit
0x0087       [0]    TRISC0_bit
0x0087       [0]    TRISC1_bit
0x0087       [0]    TRISC6_bit
0x0087       [0]    TRISC7_bit
0x0087       [0]    TRISC4_bit
0x0087       [0]    TRISC5_bit
0x0088       [1]    TRISD
0x0088       [0]    TRISD4_bit
0x0088       [0]    TRISD7_bit
0x0088       [0]    TRISD6_bit
0x0088       [0]    TRISD1_bit
0x0088       [0]    TRISD2_bit
0x0088       [0]    TRISD3_bit
0x0088       [0]    TRISD5_bit
0x0088       [0]    LCD_D7_Direction
0x0088       [0]    LCD_EN_Direction
0x0088       [0]    LCD_RS_Direction
0x0088       [0]    LCD_D4_Direction
0x0088       [0]    LCD_D5_Direction
0x0088       [0]    LCD_D6_Direction
0x0088       [0]    TRISD0_bit
0x0089       [0]    IBOV_bit
0x0089       [0]    OBF_bit
0x0089       [0]    IBOV_TRISE_bit
0x0089       [0]    PSPMODE_bit
0x0089       [0]    IBF_bit
0x0089       [0]    TRISE2_bit
0x0089       [0]    TRISE1_bit
0x0089       [0]    TRISE0_bit
0x0089       [0]    PSPMODE_TRISE_bit
0x0089       [1]    TRISE
0x0089       [0]    IBF_TRISE_bit
0x0089       [0]    OBF_TRISE_bit
0x008C       [0]    TMR2IE_bit
0x008C       [0]    CCP1IE_bit
0x008C       [0]    TMR1IE_bit
0x008C       [1]    PIE1
0x008C       [0]    SSPIE_bit
0x008C       [0]    PSPIE_bit
0x008C       [0]    ADIE_bit
0x008C       [0]    TXIE_bit
0x008C       [0]    RCIE_bit
0x008D       [0]    CCP2IE_bit
0x008D       [1]    PIE2
0x008D       [0]    BCLIE_bit
0x008D       [0]    CMIE_bit
0x008D       [0]    EEIE_bit
0x008E       [0]    NOT_BO_bit
0x008E       [0]    NOT_BOR_bit
0x008E       [1]    PCON
0x008E       [0]    NOT_POR_bit
0x0091       [0]    ACKSTAT_bit
0x0091       [0]    GCEN_bit
0x0091       [0]    ACKDT_bit
0x0091       [0]    RSEN_bit
0x0091       [0]    SEN_bit
0x0091       [1]    SSPCON2
0x0091       [0]    ACKEN_bit
0x0091       [0]    RCEN_bit
0x0091       [0]    PEN_bit
0x0092       [1]    PR2
0x0093       [1]    SSPADD
0x0094       [1]    SSPSTAT
0x0094       [0]    D_A_bit
0x0094       [0]    NOT_ADDRESS_bit
0x0094       [0]    DATA_ADDRESS_bit
0x0094       [0]    I2C_STOP__bit
0x0094       [0]    P_bit
0x0094       [0]    CKE_bit
0x0094       [0]    SMP_bit
0x0094       [0]    D_bit
0x0094       [0]    NOT_A_bit
0x0094       [0]    I2C_DATA_bit
0x0094       [0]    R_W_bit
0x0094       [0]    NOT_WRITE_bit
0x0094       [0]    READ_WRITE_bit
0x0094       [0]    BF_bit
0x0094       [0]    UA_bit
0x0094       [0]    I2C_START__bit
0x0094       [0]    S_bit
0x0094       [0]    R_bit
0x0094       [0]    NOT_W_bit
0x0094       [0]    I2C_READ_bit
0x0098       [0]    TX8_9_bit
0x0098       [0]    TXEN_bit
0x0098       [0]    TX9_bit
0x0098       [0]    NOT_TX8_bit
0x0098       [0]    SYNC_bit
0x0098       [0]    TX9D_bit
0x0098       [0]    TXD8_bit
0x0098       [0]    BRGH_bit
0x0098       [0]    TRMT_bit
0x0098       [0]    CSRC_bit
0x0098       [1]    TXSTA
0x0099       [1]    SPBRG
0x009C       [1]    CMCON
0x009C       [0]    C2OUT_bit
0x009C       [0]    C1OUT_bit
0x009C       [0]    C2INV_bit
0x009C       [0]    CM1_bit
0x009C       [0]    CM0_bit
0x009C       [0]    CM2_bit
0x009C       [0]    C1INV_bit
0x009C       [0]    CIS_bit
0x009D       [0]    CVRR_bit
0x009D       [0]    CVR3_bit
0x009D       [0]    CVREN_bit
0x009D       [0]    CVROE_bit
0x009D       [0]    CVR2_bit
0x009D       [1]    CVRCON
0x009D       [0]    CVR1_bit
0x009D       [0]    CVR0_bit
0x009E       [1]    ADRESL
0x009F       [0]    PCFG1_bit
0x009F       [0]    PCFG0_bit
0x009F       [0]    PCFG3_bit
0x009F       [0]    PCFG2_bit
0x009F       [0]    ADFM_bit
0x009F       [1]    ADCON1
0x009F       [0]    ADCS2_bit
0x010C       [1]    EEDATA
0x010D       [1]    EEADR
0x010E       [1]    EEDATH
0x010F       [1]    EEADRH
0x018C       [1]    EECON1
0x018C       [0]    WREN_bit
0x018C       [0]    RD_bit
0x018C       [0]    WR_bit
0x018C       [0]    WRERR_bit
0x018C       [0]    EEPGD_bit
0x018D       [1]    EECON2
//** Label List: ** 
//----------------------------------------------
  L_main0
  L_main1
  L_main2
  L_main3
  L_main4
  L_main5
  L_main6
  L_main7
  L_main8
  L_main9
  L_main10
  L_main11
  L_main12
  L_main13
  L_main14
  L_main15
  L_main16
  L_main17
  L_main18
  L_main19
  L_main20
  L_main21
  L_main22
  L_main23
  L_main24
  L_main25
  L_main26
  L_main27
  L_main28
  _main
  L_Delay_10us0
  L_Delay_22us1
  L_Delay_50us2
  L_Delay_80us3
  L_Delay_500us4
  L_Delay_5500us5
  L_Delay_8ms6
  L_Delay_5ms7
  L_Delay_100ms8
  L_Delay_1sec9
  L_boot16_Delay_5ms10
  L_Delay_Cyc11
  L_Delay_Cyc12
  L_VDelay_ms13
  L_VDelay_ms14
  L_VDelay_ms15
  L_VDelay_Advanced_ms16
  L_VDelay_Advanced_ms17
  L_VDelay_Advanced_ms18
  _Get_Fosc_kHz
  _Delay_1us
  _Delay_10us
  _Delay_22us
  _Delay_50us
  _Delay_80us
  _Delay_500us
  _Delay_5500us
  _Delay_8ms
  _Delay_5ms
  _Delay_100ms
  _Delay_1sec
  _boot16_Delay_5ms
  _Delay_Cyc
  _VDelay_ms
  L__VDelay_ms19
  L__VDelay_ms20
  L__VDelay_ms21
  _VDelay_Advanced_ms
  L__VDelay_Advanced_ms22
  L__VDelay_Advanced_ms23
  L__VDelay_Advanced_ms24
  L_Keypad_Key_Press0
  L_Keypad_Key_Press1
  L_Keypad_Key_Press2
  L_Keypad_Key_Press3
  L_Keypad_Key_Press4
  L_Keypad_Key_Click5
  L_Keypad_Key_Click6
  _Keypad_Init
  _Keypad_Key_Press
  _Keypad_Key_Click
  L_Lcd_Cmd0
  L_Lcd_Cmd1
  L_Lcd_Out_CP2
  L_Lcd_Out_CP3
  L_Lcd_Chr4
  L_Lcd_Chr5
  L_Lcd_Chr6
  L_Lcd_Chr7
  L_Lcd_Chr8
  L_Lcd_Chr9
  L_Lcd_Chr10
  L_Lcd_Out11
  L_Lcd_Out12
  L_Lcd_Out13
  L_Lcd_Out14
  L_Lcd_Out15
  L_Lcd_Out16
  L_Lcd_Out17
  L_Lcd_Out18
  L_Lcd_Out19
  _Lcd_Cmd
  L__Lcd_Cmd20
  L__Lcd_Cmd21
  L__Lcd_Cmd22
  L__Lcd_Cmd23
  L__Lcd_Cmd24
  L__Lcd_Cmd25
  L__Lcd_Cmd26
  L__Lcd_Cmd27
  L__Lcd_Cmd28
  L__Lcd_Cmd29
  L__Lcd_Cmd30
  L__Lcd_Cmd31
  L__Lcd_Cmd32
  L__Lcd_Cmd33
  L__Lcd_Cmd34
  L__Lcd_Cmd35
  L__Lcd_Cmd36
  L__Lcd_Cmd37
  L__Lcd_Cmd38
  L__Lcd_Cmd39
  _Lcd_Chr_CP
  _Lcd_Out_CP
  _Lcd_Chr
  _Lcd_Init
  _Lcd_Out
  _CC2D_Loop1
  _____DoICP
  _____DoIFC
  ___CC2DW
  _Swap
