;  LST file generated by mikroListExporter - v.2.0 
; Date/Time: 09/10/2012 01:20:52 a.m.
;----------------------------------------------

;Address Opcode 	ASM
0x0000	0x29A9      	GOTO       425
_Div_16x16_S_L:
;__Lib_Math.c,420 :: 		
;__Lib_Math.c,426 :: 		
0x0003	0x0D41      	RLF        R1, 0
;__Lib_Math.c,427 :: 		
0x0004	0x0DC8      	RLF        R8, 1
;__Lib_Math.c,428 :: 		
0x0005	0x0DC9      	RLF        R9, 1
;__Lib_Math.c,429 :: 		
0x0006	0x0844      	MOVF       R4, 0
;__Lib_Math.c,430 :: 		
0x0007	0x02C8      	SUBWF      R8, 1
;__Lib_Math.c,431 :: 		
0x0008	0x0845      	MOVF       R5, 0
;__Lib_Math.c,432 :: 		
0x0009	0x1C03      	BTFSS      STATUS, 0
;__Lib_Math.c,433 :: 		
0x000A	0x0F45      	INCFSZ     R5, 0
;__Lib_Math.c,434 :: 		
0x000B	0x02C9      	SUBWF      R9, 1
;__Lib_Math.c,435 :: 		
0x000C	0x0DC0      	RLF        R0, 1
;__Lib_Math.c,436 :: 		
0x000D	0x0DC1      	RLF        R1, 1
;__Lib_Math.c,438 :: 		
0x000E	0x300F      	MOVLW      15
;__Lib_Math.c,439 :: 		
0x000F	0x00CC      	MOVWF      R12
;__Lib_Math.c,441 :: 		
0x0010	0x0D41      	RLF        R1, 0
;__Lib_Math.c,442 :: 		
0x0011	0x0DC8      	RLF        R8, 1
;__Lib_Math.c,443 :: 		
0x0012	0x0DC9      	RLF        R9, 1
;__Lib_Math.c,444 :: 		
0x0013	0x0844      	MOVF       R4, 0
;__Lib_Math.c,446 :: 		
0x0014	0x1C40      	BTFSS      R0, 0
;__Lib_Math.c,447 :: 		
0x0015	0x281C      	GOTO       $+7
;__Lib_Math.c,448 :: 		
0x0016	0x02C8      	SUBWF      R8, 1
;__Lib_Math.c,449 :: 		
0x0017	0x0845      	MOVF       R5, 0
;__Lib_Math.c,450 :: 		
0x0018	0x1C03      	BTFSS      STATUS, 0
;__Lib_Math.c,451 :: 		
0x0019	0x0F45      	INCFSZ     R5, 0
;__Lib_Math.c,452 :: 		
0x001A	0x02C9      	SUBWF      R9, 1
;__Lib_Math.c,453 :: 		
0x001B	0x2821      	GOTO       $+6
;__Lib_Math.c,455 :: 		
0x001C	0x07C8      	ADDWF      R8, 1
;__Lib_Math.c,456 :: 		
0x001D	0x0845      	MOVF       R5, 0
;__Lib_Math.c,457 :: 		
0x001E	0x1803      	BTFSC      STATUS, 0
;__Lib_Math.c,458 :: 		
0x001F	0x0F45      	INCFSZ     R5, 0
;__Lib_Math.c,459 :: 		
0x0020	0x07C9      	ADDWF      R9, 1
;__Lib_Math.c,461 :: 		
0x0021	0x0DC0      	RLF        R0, 1
;__Lib_Math.c,462 :: 		
0x0022	0x0DC1      	RLF        R1, 1
;__Lib_Math.c,464 :: 		
0x0023	0x0BCC      	DECFSZ     R12, 1
;__Lib_Math.c,465 :: 		
0x0024	0x2810      	GOTO       $-20
;__Lib_Math.c,467 :: 		
0x0025	0x1840      	BTFSC      R0, 0
;__Lib_Math.c,468 :: 		
0x0026	0x282D      	GOTO       $+7
;__Lib_Math.c,469 :: 		
0x0027	0x0844      	MOVF       R4, 0
;__Lib_Math.c,470 :: 		
0x0028	0x07C8      	ADDWF      R8, 1
;__Lib_Math.c,471 :: 		
0x0029	0x0845      	MOVF       R5, 0
;__Lib_Math.c,472 :: 		
0x002A	0x1803      	BTFSC      STATUS, 0
;__Lib_Math.c,473 :: 		
0x002B	0x0F45      	INCFSZ     R5, 0
;__Lib_Math.c,474 :: 		
0x002C	0x07C9      	ADDWF      R9, 1
;__Lib_Math.c,475 :: 		
0x002D	0x0000      	NOP
;__Lib_Math.c,477 :: 		
0x002E	0x0008      	RETURN
; end of _Div_16x16_S_L
_Mul_8x8_U:
;__Lib_Math.c,103 :: 		
;__Lib_Math.c,108 :: 		
0x002F	0x1283      	BCF        STATUS, 5
;__Lib_Math.c,109 :: 		
0x0030	0x1303      	BCF        STATUS, 6
;__Lib_Math.c,110 :: 		
0x0031	0x0840      	MOVF       R0, 0
;__Lib_Math.c,111 :: 		
0x0032	0x00C1      	MOVWF      R1
;__Lib_Math.c,112 :: 		
0x0033	0x01C0      	CLRF       R0
;__Lib_Math.c,113 :: 		
0x0034	0x3008      	MOVLW      8
;__Lib_Math.c,114 :: 		
0x0035	0x00CC      	MOVWF      R12
;__Lib_Math.c,115 :: 		
0x0036	0x0841      	MOVF       R1, 0
;__Lib_Math.c,116 :: 		
0x0037	0x0CC4      	RRF        R4, 1
;__Lib_Math.c,117 :: 		
0x0038	0x1803      	BTFSC      STATUS, 0
;__Lib_Math.c,118 :: 		
0x0039	0x283E      	GOTO       $+5
;__Lib_Math.c,119 :: 		
0x003A	0x0BCC      	DECFSZ     R12, 1
;__Lib_Math.c,120 :: 		
0x003B	0x2837      	GOTO       $-4
;__Lib_Math.c,121 :: 		
0x003C	0x01C1      	CLRF       R1
;__Lib_Math.c,122 :: 		
0x003D	0x3400      	RETLW      0
;__Lib_Math.c,123 :: 		
0x003E	0x1003      	BCF        STATUS, 0
;__Lib_Math.c,124 :: 		
0x003F	0x2843      	GOTO       $+4
;__Lib_Math.c,125 :: 		
0x0040	0x0CC4      	RRF        R4, 1
;__Lib_Math.c,126 :: 		
0x0041	0x1803      	BTFSC      STATUS, 0
;__Lib_Math.c,127 :: 		
0x0042	0x07C1      	ADDWF      R1, 1
;__Lib_Math.c,128 :: 		
0x0043	0x0CC1      	RRF        R1, 1
;__Lib_Math.c,129 :: 		
0x0044	0x0CC0      	RRF        R0, 1
;__Lib_Math.c,130 :: 		
0x0045	0x0BCC      	DECFSZ     R12, 1
;__Lib_Math.c,131 :: 		
0x0046	0x2840      	GOTO       $-6
;__Lib_Math.c,133 :: 		
;__Lib_Math.c,134 :: 		
0x0047	0x0008      	RETURN
; end of _Mul_8x8_U
_____DoICP:
;__Lib_System.c,6 :: 		
;__Lib_System.c,9 :: 		
0x0048	0x1283      	BCF        STATUS, 5
0x0049	0x080D      	MOVF       ___DoICPAddr+1, 0
0x004A	0x008A      	MOVWF      PCLATH
;__Lib_System.c,10 :: 		
0x004B	0x080C      	MOVF       ___DoICPAddr, 0
0x004C	0x0082      	MOVWF      PCL
;__Lib_System.c,12 :: 		
0x004D	0x0008      	RETURN
; end of _____DoICP
_Div_16x16_S:
;__Lib_Math.c,479 :: 		
;__Lib_Math.c,487 :: 		
0x004E	0x1283      	BCF        STATUS, 5
0x004F	0x0844      	MOVF       R4, 0
0x0050	0x3A00      	XORLW      0
0x0051	0x1D03      	BTFSS      STATUS, 2
0x0052	0x285C      	GOTO       L_Div_16x16_S0
;__Lib_Math.c,488 :: 		
0x0053	0x0845      	MOVF       R5, 0
0x0054	0x3A00      	XORLW      0
0x0055	0x1D03      	BTFSS      STATUS, 2
0x0056	0x285C      	GOTO       L_Div_16x16_S1
;__Lib_Math.c,489 :: 		
0x0057	0x30FF      	MOVLW      255
0x0058	0x00C0      	MOVWF      R0
;__Lib_Math.c,490 :: 		
0x0059	0x307F      	MOVLW      127
0x005A	0x00C1      	MOVWF      R1
;__Lib_Math.c,491 :: 		
0x005B	0x0008      	RETURN
;__Lib_Math.c,492 :: 		
L_Div_16x16_S1:
L_Div_16x16_S0:
;__Lib_Math.c,495 :: 		
0x005C	0x1283      	BCF        STATUS, 5
;__Lib_Math.c,496 :: 		
0x005D	0x1303      	BCF        STATUS, 6
;__Lib_Math.c,497 :: 		
0x005E	0x01CD      	CLRF       R13
;__Lib_Math.c,498 :: 		
0x005F	0x01C9      	CLRF       R9
;__Lib_Math.c,499 :: 		
0x0060	0x01C8      	CLRF       R8
;__Lib_Math.c,500 :: 		
0x0061	0x0841      	MOVF       R1, 0
;__Lib_Math.c,501 :: 		
0x0062	0x0440      	IORWF      R0, 0
;__Lib_Math.c,502 :: 		
0x0063	0x1903      	BTFSC      STATUS, 2
;__Lib_Math.c,503 :: 		
0x0064	0x3400      	RETLW      0
;__Lib_Math.c,505 :: 		
0x0065	0x0841      	MOVF       R1, 0
;__Lib_Math.c,506 :: 		
0x0066	0x0645      	XORWF      R5, 0
;__Lib_Math.c,507 :: 		
0x0067	0x00CA      	MOVWF      R10
;__Lib_Math.c,508 :: 		
0x0068	0x1BCA      	BTFSC      R10, 7
;__Lib_Math.c,509 :: 		
0x0069	0x09CD      	COMF       R13, 1
;__Lib_Math.c,511 :: 		
0x006A	0x01CB      	CLRF       R11
;__Lib_Math.c,513 :: 		
0x006B	0x1FC5      	BTFSS      R5, 7
;__Lib_Math.c,514 :: 		
0x006C	0x2872      	GOTO       $+6
;__Lib_Math.c,516 :: 		
0x006D	0x09C4      	COMF       R4, 1
;__Lib_Math.c,517 :: 		
0x006E	0x09C5      	COMF       R5, 1
;__Lib_Math.c,518 :: 		
0x006F	0x0AC4      	INCF       R4, 1
;__Lib_Math.c,519 :: 		
0x0070	0x1903      	BTFSC      STATUS, 2
;__Lib_Math.c,520 :: 		
0x0071	0x0AC5      	INCF       R5, 1
;__Lib_Math.c,522 :: 		
0x0072	0x1FC1      	BTFSS      R1, 7
;__Lib_Math.c,523 :: 		
0x0073	0x2879      	GOTO       $+6
;__Lib_Math.c,525 :: 		
0x0074	0x09C0      	COMF       R0, 1
;__Lib_Math.c,526 :: 		
0x0075	0x09C1      	COMF       R1, 1
;__Lib_Math.c,527 :: 		
0x0076	0x0AC0      	INCF       R0, 1
;__Lib_Math.c,528 :: 		
0x0077	0x1903      	BTFSC      STATUS, 2
;__Lib_Math.c,529 :: 		
0x0078	0x0AC1      	INCF       R1, 1
;__Lib_Math.c,531 :: 		
0x0079	0x0841      	MOVF       R1, 0
;__Lib_Math.c,532 :: 		
0x007A	0x0445      	IORWF      R5, 0
;__Lib_Math.c,533 :: 		
0x007B	0x00CA      	MOVWF      R10
;__Lib_Math.c,534 :: 		
0x007C	0x1BCA      	BTFSC      R10, 7
;__Lib_Math.c,535 :: 		
0x007D	0x288E      	GOTO       $+17
;__Lib_Math.c,537 :: 		
0x007E	0x2003      	CALL       _Div_16x16_S_L
;__Lib_Math.c,539 :: 		
0x007F	0x184B      	BTFSC      R11, 0
;__Lib_Math.c,540 :: 		
0x0080	0x28A1      	GOTO       $+33
;__Lib_Math.c,542 :: 		
0x0081	0x1FCD      	BTFSS      R13, 7
;__Lib_Math.c,543 :: 		
0x0082	0x3400      	RETLW      0
;__Lib_Math.c,545 :: 		
0x0083	0x09C0      	COMF       R0, 1
;__Lib_Math.c,546 :: 		
0x0084	0x09C1      	COMF       R1, 1
;__Lib_Math.c,547 :: 		
0x0085	0x0AC0      	INCF       R0, 1
;__Lib_Math.c,548 :: 		
0x0086	0x1903      	BTFSC      STATUS, 2
;__Lib_Math.c,549 :: 		
0x0087	0x0AC1      	INCF       R1, 1
;__Lib_Math.c,551 :: 		
0x0088	0x09C8      	COMF       R8, 1
;__Lib_Math.c,552 :: 		
0x0089	0x09C9      	COMF       R9, 1
;__Lib_Math.c,553 :: 		
0x008A	0x0AC8      	INCF       R8, 1
;__Lib_Math.c,554 :: 		
0x008B	0x1903      	BTFSC      STATUS, 2
;__Lib_Math.c,555 :: 		
0x008C	0x0AC9      	INCF       R9, 1
;__Lib_Math.c,557 :: 		
0x008D	0x3400      	RETLW      0
;__Lib_Math.c,559 :: 		
0x008E	0x1FC5      	BTFSS      R5, 7
;__Lib_Math.c,560 :: 		
0x008F	0x289D      	GOTO       $+14
;__Lib_Math.c,561 :: 		
0x0090	0x1BC1      	BTFSC      R1, 7
;__Lib_Math.c,562 :: 		
0x0091	0x2899      	GOTO       $+8
;__Lib_Math.c,563 :: 		
0x0092	0x0841      	MOVF       R1, 0
;__Lib_Math.c,564 :: 		
0x0093	0x00C9      	MOVWF      R9
;__Lib_Math.c,565 :: 		
0x0094	0x0840      	MOVF       R0, 0
;__Lib_Math.c,566 :: 		
0x0095	0x00C8      	MOVWF      R8
;__Lib_Math.c,567 :: 		
0x0096	0x01C1      	CLRF       R1
;__Lib_Math.c,568 :: 		
0x0097	0x01C0      	CLRF       R0
;__Lib_Math.c,569 :: 		
0x0098	0x2881      	GOTO       $-23
;__Lib_Math.c,570 :: 		
0x0099	0x01C1      	CLRF       R1
;__Lib_Math.c,571 :: 		
0x009A	0x01C0      	CLRF       R0
;__Lib_Math.c,572 :: 		
0x009B	0x0AC0      	INCF       R0, 1
;__Lib_Math.c,573 :: 		
0x009C	0x3400      	RETLW      0
;__Lib_Math.c,575 :: 		
0x009D	0x09C1      	COMF       R1, 1
;__Lib_Math.c,576 :: 		
0x009E	0x09C0      	COMF       R0, 1
;__Lib_Math.c,577 :: 		
0x009F	0x0ACB      	INCF       R11, 1
;__Lib_Math.c,578 :: 		
0x00A0	0x287E      	GOTO       $-34
;__Lib_Math.c,580 :: 		
0x00A1	0x0AC8      	INCF       R8, 1
;__Lib_Math.c,581 :: 		
0x00A2	0x1903      	BTFSC      STATUS, 2
;__Lib_Math.c,582 :: 		
0x00A3	0x0AC9      	INCF       R9, 1
;__Lib_Math.c,583 :: 		
0x00A4	0x0844      	MOVF       R4, 0
;__Lib_Math.c,584 :: 		
0x00A5	0x0248      	SUBWF      R8, 0
;__Lib_Math.c,585 :: 		
0x00A6	0x1D03      	BTFSS      STATUS, 2
;__Lib_Math.c,586 :: 		
0x00A7	0x2881      	GOTO       $-38
;__Lib_Math.c,587 :: 		
0x00A8	0x0845      	MOVF       R5, 0
;__Lib_Math.c,588 :: 		
0x00A9	0x0249      	SUBWF      R9, 0
;__Lib_Math.c,589 :: 		
0x00AA	0x1D03      	BTFSS      STATUS, 2
;__Lib_Math.c,590 :: 		
0x00AB	0x2881      	GOTO       $-42
;__Lib_Math.c,591 :: 		
0x00AC	0x01C9      	CLRF       R9
;__Lib_Math.c,592 :: 		
0x00AD	0x01C8      	CLRF       R8
;__Lib_Math.c,593 :: 		
0x00AE	0x0AC0      	INCF       R0, 1
;__Lib_Math.c,594 :: 		
0x00AF	0x1903      	BTFSC      STATUS, 2
;__Lib_Math.c,595 :: 		
0x00B0	0x0AC1      	INCF       R1, 1
;__Lib_Math.c,596 :: 		
0x00B1	0x1FC1      	BTFSS      R1, 7
;__Lib_Math.c,597 :: 		
0x00B2	0x2881      	GOTO       $-49
;__Lib_Math.c,598 :: 		
0x00B3	0x0000      	NOP
;__Lib_Math.c,599 :: 		
0x00B4	0x34FF      	RETLW      255
;__Lib_Math.c,601 :: 		
0x00B5	0x0008      	RETURN
; end of _Div_16x16_S
_Mul_16x16_U:
;__Lib_Math.c,136 :: 		
;__Lib_Math.c,143 :: 		
0x00B6	0x1283      	BCF        STATUS, 5
;__Lib_Math.c,144 :: 		
0x00B7	0x1303      	BCF        STATUS, 6
;__Lib_Math.c,145 :: 		
0x00B8	0x01CB      	CLRF       R11
;__Lib_Math.c,146 :: 		
0x00B9	0x01CA      	CLRF       R10
;__Lib_Math.c,147 :: 		
0x00BA	0x01C9      	CLRF       R9
;__Lib_Math.c,148 :: 		
0x00BB	0x3080      	MOVLW      128
;__Lib_Math.c,149 :: 		
0x00BC	0x00C8      	MOVWF      R8
;__Lib_Math.c,150 :: 		
0x00BD	0x0CC1      	RRF        R1, 1
;__Lib_Math.c,151 :: 		
0x00BE	0x0CC0      	RRF        R0, 1
;__Lib_Math.c,152 :: 		
0x00BF	0x1C03      	BTFSS      STATUS, 0
;__Lib_Math.c,153 :: 		
0x00C0	0x28CA      	GOTO       $+10
;__Lib_Math.c,154 :: 		
0x00C1	0x0844      	MOVF       R4, 0
;__Lib_Math.c,155 :: 		
0x00C2	0x07C9      	ADDWF      R9, 1
;__Lib_Math.c,156 :: 		
0x00C3	0x0845      	MOVF       R5, 0
;__Lib_Math.c,157 :: 		
0x00C4	0x1803      	BTFSC      STATUS, 0
;__Lib_Math.c,158 :: 		
0x00C5	0x0F45      	INCFSZ     R5, 0
;__Lib_Math.c,159 :: 		
0x00C6	0x07CA      	ADDWF      R10, 1
;__Lib_Math.c,160 :: 		
0x00C7	0x1803      	BTFSC      STATUS, 0
;__Lib_Math.c,161 :: 		
0x00C8	0x0ACB      	INCF       R11, 1
;__Lib_Math.c,162 :: 		
0x00C9	0x1003      	BCF        STATUS, 0
;__Lib_Math.c,163 :: 		
0x00CA	0x1FC0      	BTFSS      R0, 7
;__Lib_Math.c,164 :: 		
0x00CB	0x28D2      	GOTO       $+7
;__Lib_Math.c,165 :: 		
0x00CC	0x0844      	MOVF       R4, 0
;__Lib_Math.c,166 :: 		
0x00CD	0x07CA      	ADDWF      R10, 1
;__Lib_Math.c,167 :: 		
0x00CE	0x0845      	MOVF       R5, 0
;__Lib_Math.c,168 :: 		
0x00CF	0x1803      	BTFSC      STATUS, 0
;__Lib_Math.c,169 :: 		
0x00D0	0x0F45      	INCFSZ     R5, 0
;__Lib_Math.c,170 :: 		
0x00D1	0x07CB      	ADDWF      R11, 1
;__Lib_Math.c,171 :: 		
0x00D2	0x0CCB      	RRF        R11, 1
;__Lib_Math.c,172 :: 		
0x00D3	0x0CCA      	RRF        R10, 1
;__Lib_Math.c,173 :: 		
0x00D4	0x0CC9      	RRF        R9, 1
;__Lib_Math.c,174 :: 		
0x00D5	0x0CC8      	RRF        R8, 1
;__Lib_Math.c,175 :: 		
0x00D6	0x1C03      	BTFSS      STATUS, 0
;__Lib_Math.c,176 :: 		
0x00D7	0x28BD      	GOTO       $-26
;__Lib_Math.c,177 :: 		
0x00D8	0x084B      	MOVF       R11, 0
;__Lib_Math.c,178 :: 		
0x00D9	0x00C3      	MOVWF      R3
;__Lib_Math.c,179 :: 		
0x00DA	0x084A      	MOVF       R10, 0
;__Lib_Math.c,180 :: 		
0x00DB	0x00C2      	MOVWF      R2
;__Lib_Math.c,181 :: 		
0x00DC	0x0849      	MOVF       R9, 0
;__Lib_Math.c,182 :: 		
0x00DD	0x00C1      	MOVWF      R1
;__Lib_Math.c,183 :: 		
0x00DE	0x0848      	MOVF       R8, 0
;__Lib_Math.c,184 :: 		
0x00DF	0x00C0      	MOVWF      R0
;__Lib_Math.c,187 :: 		
0x00E0	0x0008      	RETURN
; end of _Mul_16x16_U
_VerDisplay:
;varios displays.c,16 :: 		void VerDisplay( int Numero )
;varios displays.c,22 :: 		UM = Numero/1000; //Cálculo de las unidades de mil.
0x00E1	0x30E8      	MOVLW      232
0x00E2	0x1283      	BCF        STATUS, 5
0x00E3	0x00C4      	MOVWF      R4
0x00E4	0x3003      	MOVLW      3
0x00E5	0x00C5      	MOVWF      R4+1
0x00E6	0x0811      	MOVF       FARG_VerDisplay_Numero, 0
0x00E7	0x00C0      	MOVWF      R0
0x00E8	0x0812      	MOVF       FARG_VerDisplay_Numero+1, 0
0x00E9	0x00C1      	MOVWF      R0+1
0x00EA	0x204E      	CALL       _Div_16x16_S
0x00EB	0x0840      	MOVF       R0, 0
0x00EC	0x0095      	MOVWF      VerDisplay_UM_L0
;varios displays.c,23 :: 		C = (Numero-UM*1000)/100; //Cálculo de las centenas.
0x00ED	0x3000      	MOVLW      0
0x00EE	0x00C1      	MOVWF      R0+1
0x00EF	0x30E8      	MOVLW      232
0x00F0	0x00C4      	MOVWF      R4
0x00F1	0x3003      	MOVLW      3
0x00F2	0x00C5      	MOVWF      R4+1
0x00F3	0x20B6      	CALL       _Mul_16x16_U
0x00F4	0x0840      	MOVF       R0, 0
0x00F5	0x0211      	SUBWF      FARG_VerDisplay_Numero, 0
0x00F6	0x00C0      	MOVWF      R0
0x00F7	0x0841      	MOVF       R0+1, 0
0x00F8	0x1C03      	BTFSS      STATUS, 0
0x00F9	0x3E01      	ADDLW      1
0x00FA	0x0212      	SUBWF      FARG_VerDisplay_Numero+1, 0
0x00FB	0x00C1      	MOVWF      R0+1
0x00FC	0x3064      	MOVLW      100
0x00FD	0x00C4      	MOVWF      R4
0x00FE	0x3000      	MOVLW      0
0x00FF	0x00C5      	MOVWF      R4+1
0x0100	0x204E      	CALL       _Div_16x16_S
0x0101	0x0840      	MOVF       R0, 0
0x0102	0x0094      	MOVWF      VerDisplay_C_L0
;varios displays.c,24 :: 		D = (Numero-UM*1000-C*100)/10; //Cálculo de las decenas.
0x0103	0x0815      	MOVF       VerDisplay_UM_L0, 0
0x0104	0x00C0      	MOVWF      R0
0x0105	0x01C1      	CLRF       R0+1
0x0106	0x30E8      	MOVLW      232
0x0107	0x00C4      	MOVWF      R4
0x0108	0x3003      	MOVLW      3
0x0109	0x00C5      	MOVWF      R4+1
0x010A	0x20B6      	CALL       _Mul_16x16_U
0x010B	0x0840      	MOVF       R0, 0
0x010C	0x0211      	SUBWF      FARG_VerDisplay_Numero, 0
0x010D	0x0096      	MOVWF      FLOC__VerDisplay
0x010E	0x0841      	MOVF       R0+1, 0
0x010F	0x1C03      	BTFSS      STATUS, 0
0x0110	0x3E01      	ADDLW      1
0x0111	0x0212      	SUBWF      FARG_VerDisplay_Numero+1, 0
0x0112	0x0097      	MOVWF      FLOC__VerDisplay+1
0x0113	0x0814      	MOVF       VerDisplay_C_L0, 0
0x0114	0x00C0      	MOVWF      R0
0x0115	0x3064      	MOVLW      100
0x0116	0x00C4      	MOVWF      R4
0x0117	0x202F      	CALL       _Mul_8x8_U
0x0118	0x0840      	MOVF       R0, 0
0x0119	0x0296      	SUBWF      FLOC__VerDisplay, 1
0x011A	0x1C03      	BTFSS      STATUS, 0
0x011B	0x0397      	DECF       FLOC__VerDisplay+1, 1
0x011C	0x0841      	MOVF       R0+1, 0
0x011D	0x0297      	SUBWF      FLOC__VerDisplay+1, 1
0x011E	0x300A      	MOVLW      10
0x011F	0x00C4      	MOVWF      R4
0x0120	0x3000      	MOVLW      0
0x0121	0x00C5      	MOVWF      R4+1
0x0122	0x0816      	MOVF       FLOC__VerDisplay, 0
0x0123	0x00C0      	MOVWF      R0
0x0124	0x0817      	MOVF       FLOC__VerDisplay+1, 0
0x0125	0x00C1      	MOVWF      R0+1
0x0126	0x204E      	CALL       _Div_16x16_S
0x0127	0x0840      	MOVF       R0, 0
0x0128	0x0093      	MOVWF      VerDisplay_D_L0
;varios displays.c,25 :: 		U = (Numero-UM*1000-C*100-D*10); //Cálculo de las unidades.
0x0129	0x300A      	MOVLW      10
0x012A	0x00C4      	MOVWF      R4
0x012B	0x202F      	CALL       _Mul_8x8_U
0x012C	0x0840      	MOVF       R0, 0
0x012D	0x0216      	SUBWF      FLOC__VerDisplay, 0
0x012E	0x00C0      	MOVWF      R0
;varios displays.c,26 :: 		PORTB = DIGITOS[U]; //Visualiza las unidades.
0x012F	0x3000      	MOVLW      0
0x0130	0x00C1      	MOVWF      R0+1
0x0131	0x30CC      	MOVLW      _DIGITOS
0x0132	0x07C0      	ADDWF      R0, 1
0x0133	0x3001      	MOVLW      hi_addr(_DIGITOS)
0x0134	0x1803      	BTFSC      STATUS, 0
0x0135	0x3E01      	ADDLW      1
0x0136	0x07C1      	ADDWF      R0+1, 1
0x0137	0x0840      	MOVF       R0, 0
0x0138	0x008C      	MOVWF      ___DoICPAddr
0x0139	0x0841      	MOVF       R0+1, 0
0x013A	0x008D      	MOVWF      ___DoICPAddr+1
0x013B	0x2048      	CALL       _____DoICP
0x013C	0x118A      	BCF        PCLATH, 3
0x013D	0x120A      	BCF        PCLATH, 4
0x013E	0x0086      	MOVWF      PORTB
;varios displays.c,27 :: 		PORTA.F0=1; //Activa en alto el primer display
0x013F	0x1405      	BSF        PORTA, 0
;varios displays.c,28 :: 		delay_ms(10); //Retado de 10m segundos
0x0140	0x300D      	MOVLW      13
0x0141	0x00CC      	MOVWF      R12
0x0142	0x30FB      	MOVLW      251
0x0143	0x00CD      	MOVWF      R13
L_VerDisplay0:
0x0144	0x0BCD      	DECFSZ     R13, 1
0x0145	0x2944      	GOTO       L_VerDisplay0
0x0146	0x0BCC      	DECFSZ     R12, 1
0x0147	0x2944      	GOTO       L_VerDisplay0
0x0148	0x0000      	NOP
0x0149	0x0000      	NOP
;varios displays.c,29 :: 		PORTA=0; //Desactiva todos los displays.
0x014A	0x0185      	CLRF       PORTA
;varios displays.c,30 :: 		PORTB = DIGITOS[D]; //Visualiza las decenas.
0x014B	0x0813      	MOVF       VerDisplay_D_L0, 0
0x014C	0x3ECC      	ADDLW      _DIGITOS
0x014D	0x00C0      	MOVWF      R0
0x014E	0x3001      	MOVLW      hi_addr(_DIGITOS)
0x014F	0x1803      	BTFSC      STATUS, 0
0x0150	0x3E01      	ADDLW      1
0x0151	0x00C1      	MOVWF      R0+1
0x0152	0x0840      	MOVF       R0, 0
0x0153	0x008C      	MOVWF      ___DoICPAddr
0x0154	0x0841      	MOVF       R0+1, 0
0x0155	0x008D      	MOVWF      ___DoICPAddr+1
0x0156	0x2048      	CALL       _____DoICP
0x0157	0x118A      	BCF        PCLATH, 3
0x0158	0x120A      	BCF        PCLATH, 4
0x0159	0x0086      	MOVWF      PORTB
;varios displays.c,31 :: 		PORTA.F1=1; //Activa en alto el segundo display
0x015A	0x1485      	BSF        PORTA, 1
;varios displays.c,32 :: 		delay_ms(10); //Retado de 10m segundos
0x015B	0x300D      	MOVLW      13
0x015C	0x00CC      	MOVWF      R12
0x015D	0x30FB      	MOVLW      251
0x015E	0x00CD      	MOVWF      R13
L_VerDisplay1:
0x015F	0x0BCD      	DECFSZ     R13, 1
0x0160	0x295F      	GOTO       L_VerDisplay1
0x0161	0x0BCC      	DECFSZ     R12, 1
0x0162	0x295F      	GOTO       L_VerDisplay1
0x0163	0x0000      	NOP
0x0164	0x0000      	NOP
;varios displays.c,33 :: 		PORTA=0; //Desactiva todos los displays.
0x0165	0x0185      	CLRF       PORTA
;varios displays.c,34 :: 		PORTB = DIGITOS[C]; //Visualiza las centenas.
0x0166	0x0814      	MOVF       VerDisplay_C_L0, 0
0x0167	0x3ECC      	ADDLW      _DIGITOS
0x0168	0x00C0      	MOVWF      R0
0x0169	0x3001      	MOVLW      hi_addr(_DIGITOS)
0x016A	0x1803      	BTFSC      STATUS, 0
0x016B	0x3E01      	ADDLW      1
0x016C	0x00C1      	MOVWF      R0+1
0x016D	0x0840      	MOVF       R0, 0
0x016E	0x008C      	MOVWF      ___DoICPAddr
0x016F	0x0841      	MOVF       R0+1, 0
0x0170	0x008D      	MOVWF      ___DoICPAddr+1
0x0171	0x2048      	CALL       _____DoICP
0x0172	0x118A      	BCF        PCLATH, 3
0x0173	0x120A      	BCF        PCLATH, 4
0x0174	0x0086      	MOVWF      PORTB
;varios displays.c,35 :: 		PORTA.F2=1; //Activa en alto el tercer display
0x0175	0x1505      	BSF        PORTA, 2
;varios displays.c,36 :: 		delay_ms(10); //Retado de 10m segundos
0x0176	0x300D      	MOVLW      13
0x0177	0x00CC      	MOVWF      R12
0x0178	0x30FB      	MOVLW      251
0x0179	0x00CD      	MOVWF      R13
L_VerDisplay2:
0x017A	0x0BCD      	DECFSZ     R13, 1
0x017B	0x297A      	GOTO       L_VerDisplay2
0x017C	0x0BCC      	DECFSZ     R12, 1
0x017D	0x297A      	GOTO       L_VerDisplay2
0x017E	0x0000      	NOP
0x017F	0x0000      	NOP
;varios displays.c,37 :: 		PORTA=0; //Desactiva todos los displays.
0x0180	0x0185      	CLRF       PORTA
;varios displays.c,38 :: 		PORTB = DIGITOS[UM]; //Visualiza las unidades de mil.
0x0181	0x0815      	MOVF       VerDisplay_UM_L0, 0
0x0182	0x3ECC      	ADDLW      _DIGITOS
0x0183	0x00C0      	MOVWF      R0
0x0184	0x3001      	MOVLW      hi_addr(_DIGITOS)
0x0185	0x1803      	BTFSC      STATUS, 0
0x0186	0x3E01      	ADDLW      1
0x0187	0x00C1      	MOVWF      R0+1
0x0188	0x0840      	MOVF       R0, 0
0x0189	0x008C      	MOVWF      ___DoICPAddr
0x018A	0x0841      	MOVF       R0+1, 0
0x018B	0x008D      	MOVWF      ___DoICPAddr+1
0x018C	0x2048      	CALL       _____DoICP
0x018D	0x118A      	BCF        PCLATH, 3
0x018E	0x120A      	BCF        PCLATH, 4
0x018F	0x0086      	MOVWF      PORTB
;varios displays.c,39 :: 		PORTA.F3=1; //Activa en alto el cuarto display
0x0190	0x1585      	BSF        PORTA, 3
;varios displays.c,40 :: 		delay_ms(10); //Retado de 10m segundos
0x0191	0x300D      	MOVLW      13
0x0192	0x00CC      	MOVWF      R12
0x0193	0x30FB      	MOVLW      251
0x0194	0x00CD      	MOVWF      R13
L_VerDisplay3:
0x0195	0x0BCD      	DECFSZ     R13, 1
0x0196	0x2995      	GOTO       L_VerDisplay3
0x0197	0x0BCC      	DECFSZ     R12, 1
0x0198	0x2995      	GOTO       L_VerDisplay3
0x0199	0x0000      	NOP
0x019A	0x0000      	NOP
;varios displays.c,41 :: 		PORTA=0; //Desactiva todos los displays.void main() {
0x019B	0x0185      	CLRF       PORTA
;varios displays.c,43 :: 		}
0x019C	0x0008      	RETURN
; end of _VerDisplay
___CC2DW:
;__Lib_System.c,24 :: 		
;__Lib_System.c,27 :: 		
_CC2D_Loop1:
;__Lib_System.c,29 :: 		
0x019D	0x2048      	CALL       _____DoICP
0x019E	0x118A      	BCF        PCLATH, 3
0x019F	0x120A      	BCF        PCLATH, 4
;__Lib_System.c,31 :: 		
0x01A0	0x0080      	MOVWF      INDF
;__Lib_System.c,32 :: 		
0x01A1	0x0A84      	INCF       FSR, 1
;__Lib_System.c,33 :: 		
0x01A2	0x0A8C      	INCF       ___DoICPAddr, 1
;__Lib_System.c,35 :: 		
0x01A3	0x1903      	BTFSC      STATUS, 2
;__Lib_System.c,36 :: 		
0x01A4	0x0A8D      	INCF       ___DoICPAddr+1, 1
;__Lib_System.c,37 :: 		
0x01A5	0x03C0      	DECF       R0, 1
;__Lib_System.c,39 :: 		
0x01A6	0x1D03      	BTFSS      STATUS, 2
;__Lib_System.c,40 :: 		
0x01A7	0x299D      	GOTO       _CC2D_Loop1
;__Lib_System.c,42 :: 		
0x01A8	0x0008      	RETURN
; end of ___CC2DW
_main:
;varios displays.c,44 :: 		void main ( void )
;varios displays.c,46 :: 		unsigned short N=0; //Variable de conteo.
0x01A9	0x1283      	BCF        STATUS, 5
0x01AA	0x018E      	CLRF       main_N_L0
;varios displays.c,47 :: 		int Numero=0;
0x01AB	0x018F      	CLRF       main_Numero_L0
0x01AC	0x0190      	CLRF       main_Numero_L0+1
;varios displays.c,48 :: 		TRISB = 0; //Configura el puerto B como salida
0x01AD	0x1683      	BSF        STATUS, 5
0x01AE	0x0186      	CLRF       TRISB
;varios displays.c,49 :: 		TRISA = 0; //Configura el puerto A como salida
0x01AF	0x0185      	CLRF       TRISA
;varios displays.c,50 :: 		PORTA = 0; //Se desactiva todos los displays
0x01B0	0x1283      	BCF        STATUS, 5
0x01B1	0x0185      	CLRF       PORTA
;varios displays.c,51 :: 		while( 1 ) //Bucle infinito
L_main4:
;varios displays.c,54 :: 		VerDisplay( Numero ); //Está función dura aproximadamente 40m segundos.
0x01B2	0x080F      	MOVF       main_Numero_L0, 0
0x01B3	0x0091      	MOVWF      FARG_VerDisplay_Numero
0x01B4	0x0810      	MOVF       main_Numero_L0+1, 0
0x01B5	0x0092      	MOVWF      FARG_VerDisplay_Numero+1
0x01B6	0x20E1      	CALL       _VerDisplay
;varios displays.c,57 :: 		N++;
0x01B7	0x0A8E      	INCF       main_N_L0, 1
;varios displays.c,58 :: 		if( N==12 )
0x01B8	0x080E      	MOVF       main_N_L0, 0
0x01B9	0x3A0C      	XORLW      12
0x01BA	0x1D03      	BTFSS      STATUS, 2
0x01BB	0x29CA      	GOTO       L_main6
;varios displays.c,60 :: 		N=0; //Se reinicia el conteo de N.
0x01BC	0x018E      	CLRF       main_N_L0
;varios displays.c,61 :: 		Numero++; //Se incrementa el valor de Número.
0x01BD	0x0A8F      	INCF       main_Numero_L0, 1
0x01BE	0x1903      	BTFSC      STATUS, 2
0x01BF	0x0A90      	INCF       main_Numero_L0+1, 1
;varios displays.c,62 :: 		if( Numero==10000 ) //Se evalúa si Número vale 10000
0x01C0	0x0810      	MOVF       main_Numero_L0+1, 0
0x01C1	0x3A27      	XORLW      39
0x01C2	0x1D03      	BTFSS      STATUS, 2
0x01C3	0x29C6      	GOTO       L__main8
0x01C4	0x3010      	MOVLW      16
0x01C5	0x060F      	XORWF      main_Numero_L0, 0
L__main8:
0x01C6	0x1D03      	BTFSS      STATUS, 2
0x01C7	0x29CA      	GOTO       L_main7
;varios displays.c,63 :: 		Numero=0; //y se reinicia en 0 si es 10000.
0x01C8	0x018F      	CLRF       main_Numero_L0
0x01C9	0x0190      	CLRF       main_Numero_L0+1
L_main7:
;varios displays.c,64 :: 		}
L_main6:
;varios displays.c,65 :: 		}
0x01CA	0x29B2      	GOTO       L_main4
;varios displays.c,66 :: 		}
0x01CB	0x29CB      	GOTO       $+0
; end of _main
;varios displays.c,2 :: _DIGITOS
0x01CC	0x343F ;_DIGITOS+0
0x01CD	0x3406 ;_DIGITOS+1
0x01CE	0x345B ;_DIGITOS+2
0x01CF	0x344F ;_DIGITOS+3
0x01D0	0x3466 ;_DIGITOS+4
0x01D1	0x346D ;_DIGITOS+5
0x01D2	0x347D ;_DIGITOS+6
0x01D3	0x3407 ;_DIGITOS+7
0x01D4	0x347F ;_DIGITOS+8
0x01D5	0x346F ;_DIGITOS+9
; end of _DIGITOS
Symbol List:
//** Routines locations **
//ADDRESS    SIZE    PROCEDURE
//----------------------------------------------
0x0003      [44]    _Div_16x16_S_L
0x002F      [25]    _Mul_8x8_U
0x0048       [6]    _____DoICP
0x004E     [104]    _Div_16x16_S
0x00B6      [43]    _Mul_16x16_U
0x00E1     [188]    _VerDisplay
0x019D      [12]    ___CC2DW
0x01A9      [35]    _main
//** Variables locations ** 
//ADDRESS    SIZE    VARIABLE
//----------------------------------------------
0x0000       [1]    INDF
0x0001       [1]    TMR0
0x0002       [1]    PCL
0x0003       [0]    NOT_PD_bit
0x0003       [0]    RP1_bit
0x0003       [0]    DC_bit
0x0003       [0]    NOT_TO_bit
0x0003       [0]    C_bit
0x0003       [0]    IRP_bit
0x0003       [0]    RP0_bit
0x0003       [0]    Z_bit
0x0003       [1]    STATUS
0x0004       [1]    FSR
0x0004       [1]    FSRPTR
0x0005       [1]    PORTA
0x0005       [0]    RA2_bit
0x0005       [0]    RA1_bit
0x0005       [0]    RA0_bit
0x0005       [0]    RA4_bit
0x0005       [0]    RA3_bit
0x0006       [1]    PORTB
0x0006       [0]    RB3_bit
0x0006       [0]    RB4_bit
0x0006       [0]    RB5_bit
0x0006       [0]    RB0_bit
0x0006       [0]    RB1_bit
0x0006       [0]    RB2_bit
0x0006       [0]    RB7_bit
0x0006       [0]    RB6_bit
0x0008       [1]    EEDATA
0x0009       [1]    EEADR
0x000A       [1]    PCLATH
0x000B       [0]    INTE_bit
0x000B       [0]    GIE_bit
0x000B       [0]    T0IE_bit
0x000B       [0]    EEIE_bit
0x000B       [0]    RBIE_bit
0x000B       [0]    INTF_bit
0x000B       [0]    RBIF_bit
0x000B       [1]    INTCON
0x000B       [0]    T0IF_bit
0x000C       [2]    ___DoICPAddr
0x000E       [1]    main_N_L0
0x000F       [2]    main_Numero_L0
0x0011       [2]    FARG_VerDisplay_Numero
0x0013       [1]    VerDisplay_D_L0
0x0014       [1]    VerDisplay_C_L0
0x0015       [1]    VerDisplay_UM_L0
0x0016       [2]    FLOC__VerDisplay
0x0040       [1]    R0
0x0041       [1]    R1
0x0042       [1]    R2
0x0043       [1]    R3
0x0044       [1]    R4
0x0045       [1]    R5
0x0046       [1]    R6
0x0047       [1]    R7
0x0048       [1]    R8
0x0049       [1]    R9
0x004A       [1]    R10
0x004B       [1]    R11
0x004C       [1]    R12
0x004D       [1]    R13
0x004E       [1]    R14
0x004F       [1]    R15
0x0081       [0]    T0CS_bit
0x0081       [0]    INTEDG_bit
0x0081       [0]    PSA_bit
0x0081       [0]    T0SE_bit
0x0081       [0]    NOT_RBPU_bit
0x0081       [1]    OPTION_REG
0x0081       [0]    PS2_bit
0x0081       [0]    PS1_bit
0x0081       [0]    PS0_bit
0x0085       [0]    TRISA1_bit
0x0085       [0]    TRISA0_bit
0x0085       [1]    TRISA
0x0085       [0]    TRISA3_bit
0x0085       [0]    TRISA4_bit
0x0085       [0]    TRISA2_bit
0x0086       [0]    TRISB1_bit
0x0086       [0]    TRISB6_bit
0x0086       [0]    TRISB0_bit
0x0086       [0]    TRISB5_bit
0x0086       [0]    TRISB4_bit
0x0086       [0]    TRISB3_bit
0x0086       [0]    TRISB2_bit
0x0086       [1]    TRISB
0x0086       [0]    TRISB7_bit
0x0088       [0]    WREN_bit
0x0088       [0]    WRERR_bit
0x0088       [0]    EEIF_bit
0x0088       [0]    WR_bit
0x0088       [1]    EECON1
0x0088       [0]    RD_bit
0x0089       [1]    EECON2
//** Constants locations ** 
//ADDRESS    SIZE    CONSTANT
//----------------------------------------------
0x01CC      [10]    _DIGITOS
//** Label List: ** 
//----------------------------------------------
  L_VerDisplay0
  L_VerDisplay1
  L_VerDisplay2
  L_VerDisplay3
  L_main4
  L_main5
  L_main6
  L_main7
  _VerDisplay
  _main
  L__main8
  L_Div_16x16_S0
  L_Div_16x16_S1
  LOOPS3232A
  SADD22LA
  SOK22LA
  SADD22L8
  SOK22L8
  LOOPS3232B
  SADD22LB
  SOK22LB
  SADD22L16
  SOK22L16
  LOOPS3232C
  SADD22LC
  SOK22LC
  SADD22L24
  SOK22L24
  LOOPS3232D
  SADD22LD
  SOK22LD
  SOK22L
  L_Div_32x32_S6
  L_Div_32x32_S7
  L_Div_32x32_S8
  L_Div_32x32_S9
  FXD3232S
  END_ALL
  CA3232S
  C3232SX
  C3232SX1
  C3232S
  C3232S2
  C3232SX4
  C3232SOK
  C3232SX3
  C3232SX2
  avoid_comfrem
  LOOPU3232A
  UADD22LA
  UOK22LA
  UADD22L8
  UOK22L8
  LOOPU3232B
  UADD22LB
  UOK22LB
  UADD22L16
  UOK22L16
  LOOPU3232C
  UADD22LC
  UOK22LC
  UADD22L24
  UOK22L24
  LOOPU3232D
  UADD22LD
  UOK22LD
  UOK22L
  _NEXT
  _EXIT2
  _LOOP
  _EXIT1
  _IF_FIRST
  _IF_SECOND
  _INVERCE_FIRST
  _MULT
  _INBERSE_SECOND
  _EXIT
  _Mul_8x8_U
  _Mul_16x16_U
  _Div_8x8_U
  _Div_16x16_U
  _Mul_8x8_S
  _Mul_16x16_S
  _Div_16x16_S_L
  _Div_16x16_S
  _Div_8x8_S
  _SDIV3232L
  _COMFREM
  _Div_32x32_S
  _Div_32x32_U
  _Mul_32x32_U
  _Mul_32x32_S
  _CC2D_Loop1
  _____DoICP
  _____DoIFC
  ___CC2DW
  _Swap
